Running job on 1 nodes with 128 PEs

Running as 128 OS processes: ./streamtest-3126801
charmrun> /usr/bin/setarch x86_64 -R mpirun -np 128 ./streamtest-3126801
[cn061.delta.ncsa.illinois.edu:3431919] mca: base: components_register: registering framework ras components
[cn061.delta.ncsa.illinois.edu:3431919] mca: base: components_register: found loaded component simulator
[cn061.delta.ncsa.illinois.edu:3431919] mca: base: components_register: component simulator register function successful
[cn061.delta.ncsa.illinois.edu:3431919] mca: base: components_register: found loaded component slurm
[cn061.delta.ncsa.illinois.edu:3431919] mca: base: components_register: component slurm register function successful
[cn061.delta.ncsa.illinois.edu:3431919] mca: base: components_open: opening ras components
[cn061.delta.ncsa.illinois.edu:3431919] mca: base: components_open: found loaded component simulator
[cn061.delta.ncsa.illinois.edu:3431919] mca: base: components_open: found loaded component slurm
[cn061.delta.ncsa.illinois.edu:3431919] mca: base: components_open: component slurm open function successful
[cn061.delta.ncsa.illinois.edu:3431919] mca:base:select: Auto-selecting ras components
[cn061.delta.ncsa.illinois.edu:3431919] mca:base:select:(  ras) Querying component [simulator]
[cn061.delta.ncsa.illinois.edu:3431919] mca:base:select:(  ras) Querying component [slurm]
[cn061.delta.ncsa.illinois.edu:3431919] mca:base:select:(  ras) Query of component [slurm] set priority to 50
[cn061.delta.ncsa.illinois.edu:3431919] mca:base:select:(  ras) Selected component [slurm]
[cn061.delta.ncsa.illinois.edu:3431919] mca: base: close: unloading component simulator

======================   ALLOCATED NODES   ======================
	cn061: flags=0x11 slots=128 max_slots=0 slots_inuse=0 state=UP
=================================================================
Charm++> Running on MPI library: Open MPI v4.1.6, package: Open MPI svcdeltaswmgt@dt-login04.delta.ncsa.illinois.edu Distribution, ident: 4.1.6, repo rev: v4.1.6, Sep 30, 2023 (MPI standard: 3.1)
Charm++> Level of thread support used: MPI_THREAD_SINGLE (desired: MPI_THREAD_SINGLE)
Charm++> Running in non-SMP mode: 128 processes (PEs)
Converse/Charm++ Commit ID: v7.1.0-devel-352-g6f56cfbda
Charm++ built without optimization.
Do not use for performance benchmarking (build with --with-production to do so).
Charm++ built with internal error checking enabled.
Do not use for performance benchmarking (build without --enable-error-checking to do so).
Charm++: Tracemode Projections enabled.
Trace: traceroot: ./streamtest-3126801
Isomalloc> Synchronized global address space.
CharmLB> Load balancer assumes all CPUs are same.
Charm++> Running on 1 hosts (2 sockets x 64 cores x 1 PUs = 128-way SMP)
Charm++> cpu topology info is gathered in 0.118 seconds.
CharmLB> Load balancing instrumentation for communication is off.
Run ID: 3126801, Num PEs: 128, each stage will have 256 chares. Total num records: 3000000, per prod: 11718
Readers all done!
Validators all done!
Filters all done!
Transformers all done!
Writers all done!
Total time spend from creation of readers: 124.928382
*************************************************************
Warning: Projections log flushed to disk 139 times on 128 cores: 0 1 2 3 4 5 6 7 8 9 10 11 12 13 14 15 16 17 18 19 20 21 22 23 24 25 26 27 28 29 30 31 32 33 34 35 36 37 38 39 40 41 42 43 44 45 46 47 48 49 50 51 52 53 54 55 56 57 58 59 60 61 62 63 64 65 66 67 68 69 70 71 72 73 74 75 76 77 78 79 80 81 82 83 84 85 86 87 88 89 90 91 92 93 94 95 96 97 98 99 100 101 102 103 104 105 106 107 108 109 110 111 112 113 114 115 116 117 118 119 120 121 122 123 124 125 126 127.
Warning: The performance data is likely invalid, unless the flushes have been explicitly synchronized by your program.
Warning: This may be fixed by specifying a larger +logsize (current value 1000000).
*************************************************************
[Partition 0][Node 0] End of program
[cn061.delta.ncsa.illinois.edu:3431919] mca: base: close: component slurm closed
[cn061.delta.ncsa.illinois.edu:3431919] mca: base: close: unloading component slurm
