Running job on 1 nodes with 128 PEs

Running as 128 OS processes: ./streamtest-4578506
charmrun> srun --mpi=pmi2 -n 128 ./streamtest-4578506
[1739950344.302668] [cn132:70044:0]     ucp_context.c:1849 UCX  WARN  UCP API version is incompatible: required >= 1.19, actual 1.13.1 (loaded from /lib64/libucp.so.0)
[1739950344.326331] [cn132:70050:0]     ucp_context.c:1849 UCX  WARN  UCP API version is incompatible: required >= 1.19, actual 1.13.1 (loaded from /lib64/libucp.so.0)
[1739950344.302565] [cn132:70054:0]     ucp_context.c:1849 UCX  WARN  UCP API version is incompatible: required >= 1.19, actual 1.13.1 (loaded from /lib64/libucp.so.0)
[1739950344.325906] [cn132:70061:0]     ucp_context.c:1849 UCX  WARN  UCP API version is incompatible: required >= 1.19, actual 1.13.1 (loaded from /lib64/libucp.so.0)
[1739950344.326197] [cn132:70063:0]     ucp_context.c:1849 UCX  WARN  UCP API version is incompatible: required >= 1.19, actual 1.13.1 (loaded from /lib64/libucp.so.0)
[1739950344.326214] [cn132:70069:0]     ucp_context.c:1849 UCX  WARN  UCP API version is incompatible: required >= 1.19, actual 1.13.1 (loaded from /lib64/libucp.so.0)
[1739950344.326218] [cn132:70071:0]     ucp_context.c:1849 UCX  WARN  UCP API version is incompatible: required >= 1.19, actual 1.13.1 (loaded from /lib64/libucp.so.0)
[1739950344.302946] [cn132:70073:0]     ucp_context.c:1849 UCX  WARN  UCP API version is incompatible: required >= 1.19, actual 1.13.1 (loaded from /lib64/libucp.so.0)
[1739950344.325516] [cn132:70043:0]     ucp_context.c:1849 UCX  WARN  UCP API version is incompatible: required >= 1.19, actual 1.13.1 (loaded from /lib64/libucp.so.0)
[1739950344.205837] [cn132:70072:0]     ucp_context.c:1849 UCX  WARN  UCP API version is incompatible: required >= 1.19, actual 1.13.1 (loaded from /lib64/libucp.so.0)
[1739950344.205716] [cn132:70064:0]     ucp_context.c:1849 UCX  WARN  UCP API version is incompatible: required >= 1.19, actual 1.13.1 (loaded from /lib64/libucp.so.0)
[1739950344.325077] [cn132:70039:0]     ucp_context.c:1849 UCX  WARN  UCP API version is incompatible: required >= 1.19, actual 1.13.1 (loaded from /lib64/libucp.so.0)
[1739950344.326443] [cn132:70074:0]     ucp_context.c:1849 UCX  WARN  UCP API version is incompatible: required >= 1.19, actual 1.13.1 (loaded from /lib64/libucp.so.0)
[1739950344.326316] [cn132:70032:0]     ucp_context.c:1849 UCX  WARN  UCP API version is incompatible: required >= 1.19, actual 1.13.1 (loaded from /lib64/libucp.so.0)
[1739950344.325919] [cn132:70065:0]     ucp_context.c:1849 UCX  WARN  UCP API version is incompatible: required >= 1.19, actual 1.13.1 (loaded from /lib64/libucp.so.0)
[1739950344.325810] [cn132:70035:0]     ucp_context.c:1849 UCX  WARN  UCP API version is incompatible: required >= 1.19, actual 1.13.1 (loaded from /lib64/libucp.so.0)
[1739950344.205779] [cn132:70066:0]     ucp_context.c:1849 UCX  WARN  UCP API version is incompatible: required >= 1.19, actual 1.13.1 (loaded from /lib64/libucp.so.0)
[1739950344.327044] [cn132:70025:0]     ucp_context.c:1849 UCX  WARN  UCP API version is incompatible: required >= 1.19, actual 1.13.1 (loaded from /lib64/libucp.so.0)
[1739950344.103239] [cn132:70042:0]     ucp_context.c:1849 UCX  WARN  UCP API version is incompatible: required >= 1.19, actual 1.13.1 (loaded from /lib64/libucp.so.0)
[1739950344.325840] [cn132:70047:0]     ucp_context.c:1849 UCX  WARN  UCP API version is incompatible: required >= 1.19, actual 1.13.1 (loaded from /lib64/libucp.so.0)
[1739950344.326340] [cn132:70058:0]     ucp_context.c:1849 UCX  WARN  UCP API version is incompatible: required >= 1.19, actual 1.13.1 (loaded from /lib64/libucp.so.0)
[1739950344.326426] [cn132:70070:0]     ucp_context.c:1849 UCX  WARN  UCP API version is incompatible: required >= 1.19, actual 1.13.1 (loaded from /lib64/libucp.so.0)
[1739950344.265875] [cn132:70062:0]     ucp_context.c:1849 UCX  WARN  UCP API version is incompatible: required >= 1.19, actual 1.13.1 (loaded from /lib64/libucp.so.0)
[1739950344.326346] [cn132:70067:0]     ucp_context.c:1849 UCX  WARN  UCP API version is incompatible: required >= 1.19, actual 1.13.1 (loaded from /lib64/libucp.so.0)
[1739950344.265631] [cn132:70060:0]     ucp_context.c:1849 UCX  WARN  UCP API version is incompatible: required >= 1.19, actual 1.13.1 (loaded from /lib64/libucp.so.0)
[1739950344.205817] [cn132:70068:0]     ucp_context.c:1849 UCX  WARN  UCP API version is incompatible: required >= 1.19, actual 1.13.1 (loaded from /lib64/libucp.so.0)
[1739950344.325767] [cn132:70019:0]     ucp_context.c:1849 UCX  WARN  UCP API version is incompatible: required >= 1.19, actual 1.13.1 (loaded from /lib64/libucp.so.0)
[1739950344.302071] [cn132:70022:0]     ucp_context.c:1849 UCX  WARN  UCP API version is incompatible: required >= 1.19, actual 1.13.1 (loaded from /lib64/libucp.so.0)
[1739950344.325906] [cn132:70059:0]     ucp_context.c:1849 UCX  WARN  UCP API version is incompatible: required >= 1.19, actual 1.13.1 (loaded from /lib64/libucp.so.0)
[1739950344.302741] [cn132:70004:0]     ucp_context.c:1849 UCX  WARN  UCP API version is incompatible: required >= 1.19, actual 1.13.1 (loaded from /lib64/libucp.so.0)
[1739950344.325868] [cn132:70053:0]     ucp_context.c:1849 UCX  WARN  UCP API version is incompatible: required >= 1.19, actual 1.13.1 (loaded from /lib64/libucp.so.0)
[1739950344.254227] [cn132:70049:0]     ucp_context.c:1849 UCX  WARN  UCP API version is incompatible: required >= 1.19, actual 1.13.1 (loaded from /lib64/libucp.so.0)
[1739950344.325563] [cn132:70055:0]     ucp_context.c:1849 UCX  WARN  UCP API version is incompatible: required >= 1.19, actual 1.13.1 (loaded from /lib64/libucp.so.0)
[1739950344.325529] [cn132:70045:0]     ucp_context.c:1849 UCX  WARN  UCP API version is incompatible: required >= 1.19, actual 1.13.1 (loaded from /lib64/libucp.so.0)
[1739950344.048760] [cn132:70046:0]     ucp_context.c:1849 UCX  WARN  UCP API version is incompatible: required >= 1.19, actual 1.13.1 (loaded from /lib64/libucp.so.0)
[1739950344.265762] [cn132:70052:0]     ucp_context.c:1849 UCX  WARN  UCP API version is incompatible: required >= 1.19, actual 1.13.1 (loaded from /lib64/libucp.so.0)
[1739950344.326322] [cn132:70040:0]     ucp_context.c:1849 UCX  WARN  UCP API version is incompatible: required >= 1.19, actual 1.13.1 (loaded from /lib64/libucp.so.0)
[1739950344.326187] [cn132:70057:0]     ucp_context.c:1849 UCX  WARN  UCP API version is incompatible: required >= 1.19, actual 1.13.1 (loaded from /lib64/libucp.so.0)
[1739950344.325807] [cn132:70037:0]     ucp_context.c:1849 UCX  WARN  UCP API version is incompatible: required >= 1.19, actual 1.13.1 (loaded from /lib64/libucp.so.0)
[1739950344.232278] [cn132:70056:0]     ucp_context.c:1849 UCX  WARN  UCP API version is incompatible: required >= 1.19, actual 1.13.1 (loaded from /lib64/libucp.so.0)
[1739950344.326025] [cn132:69989:0]     ucp_context.c:1849 UCX  WARN  UCP API version is incompatible: required >= 1.19, actual 1.13.1 (loaded from /lib64/libucp.so.0)
[1739950344.232271] [cn132:70036:0]     ucp_context.c:1849 UCX  WARN  UCP API version is incompatible: required >= 1.19, actual 1.13.1 (loaded from /lib64/libucp.so.0)
[1739950344.325866] [cn132:70051:0]     ucp_context.c:1849 UCX  WARN  UCP API version is incompatible: required >= 1.19, actual 1.13.1 (loaded from /lib64/libucp.so.0)
[1739950344.302015] [cn132:69990:0]     ucp_context.c:1849 UCX  WARN  UCP API version is incompatible: required >= 1.19, actual 1.13.1 (loaded from /lib64/libucp.so.0)
[1739950344.326147] [cn132:70041:0]     ucp_context.c:1849 UCX  WARN  UCP API version is incompatible: required >= 1.19, actual 1.13.1 (loaded from /lib64/libucp.so.0)
[1739950344.232352] [cn132:70048:0]     ucp_context.c:1849 UCX  WARN  UCP API version is incompatible: required >= 1.19, actual 1.13.1 (loaded from /lib64/libucp.so.0)
[1739950344.265516] [cn132:70038:0]     ucp_context.c:1849 UCX  WARN  UCP API version is incompatible: required >= 1.19, actual 1.13.1 (loaded from /lib64/libucp.so.0)
[1739950344.196138] [cn132:70030:0]     ucp_context.c:1849 UCX  WARN  UCP API version is incompatible: required >= 1.19, actual 1.13.1 (loaded from /lib64/libucp.so.0)
[1739950344.326300] [cn132:70026:0]     ucp_context.c:1849 UCX  WARN  UCP API version is incompatible: required >= 1.19, actual 1.13.1 (loaded from /lib64/libucp.so.0)
[1739950344.265472] [cn132:70024:0]     ucp_context.c:1849 UCX  WARN  UCP API version is incompatible: required >= 1.19, actual 1.13.1 (loaded from /lib64/libucp.so.0)
[1739950344.325249] [cn132:70023:0]     ucp_context.c:1849 UCX  WARN  UCP API version is incompatible: required >= 1.19, actual 1.13.1 (loaded from /lib64/libucp.so.0)
[1739950344.303040] [cn132:70031:0]     ucp_context.c:1849 UCX  WARN  UCP API version is incompatible: required >= 1.19, actual 1.13.1 (loaded from /lib64/libucp.so.0)
[1739950344.302934] [cn132:70017:0]     ucp_context.c:1849 UCX  WARN  UCP API version is incompatible: required >= 1.19, actual 1.13.1 (loaded from /lib64/libucp.so.0)
[1739950344.325260] [cn132:70029:0]     ucp_context.c:1849 UCX  WARN  UCP API version is incompatible: required >= 1.19, actual 1.13.1 (loaded from /lib64/libucp.so.0)
[1739950344.325460] [cn132:70013:0]     ucp_context.c:1849 UCX  WARN  UCP API version is incompatible: required >= 1.19, actual 1.13.1 (loaded from /lib64/libucp.so.0)
[1739950344.325469] [cn132:70015:0]     ucp_context.c:1849 UCX  WARN  UCP API version is incompatible: required >= 1.19, actual 1.13.1 (loaded from /lib64/libucp.so.0)
[1739950344.302029] [cn132:70028:0]     ucp_context.c:1849 UCX  WARN  UCP API version is incompatible: required >= 1.19, actual 1.13.1 (loaded from /lib64/libucp.so.0)
[1739950344.205773] [cn132:70034:0]     ucp_context.c:1849 UCX  WARN  UCP API version is incompatible: required >= 1.19, actual 1.13.1 (loaded from /lib64/libucp.so.0)
[1739950344.265377] [cn132:70014:0]     ucp_context.c:1849 UCX  WARN  UCP API version is incompatible: required >= 1.19, actual 1.13.1 (loaded from /lib64/libucp.so.0)
[1739950344.302937] [cn132:70033:0]     ucp_context.c:1849 UCX  WARN  UCP API version is incompatible: required >= 1.19, actual 1.13.1 (loaded from /lib64/libucp.so.0)
[1739950344.326041] [cn132:69995:0]     ucp_context.c:1849 UCX  WARN  UCP API version is incompatible: required >= 1.19, actual 1.13.1 (loaded from /lib64/libucp.so.0)
[1739950344.326270] [cn132:70003:0]     ucp_context.c:1849 UCX  WARN  UCP API version is incompatible: required >= 1.19, actual 1.13.1 (loaded from /lib64/libucp.so.0)
[1739950344.302950] [cn132:70075:0]     ucp_context.c:1849 UCX  WARN  UCP API version is incompatible: required >= 1.19, actual 1.13.1 (loaded from /lib64/libucp.so.0)
[1739950344.302064] [cn132:70020:0]     ucp_context.c:1849 UCX  WARN  UCP API version is incompatible: required >= 1.19, actual 1.13.1 (loaded from /lib64/libucp.so.0)
[1739950344.205670] [cn132:69986:0]     ucp_context.c:1849 UCX  WARN  UCP API version is incompatible: required >= 1.19, actual 1.13.1 (loaded from /lib64/libucp.so.0)
[1739950344.325773] [cn132:70021:0]     ucp_context.c:1849 UCX  WARN  UCP API version is incompatible: required >= 1.19, actual 1.13.1 (loaded from /lib64/libucp.so.0)
[1739950344.302467] [cn132:70016:0]     ucp_context.c:1849 UCX  WARN  UCP API version is incompatible: required >= 1.19, actual 1.13.1 (loaded from /lib64/libucp.so.0)
[1739950344.325257] [cn132:70027:0]     ucp_context.c:1849 UCX  WARN  UCP API version is incompatible: required >= 1.19, actual 1.13.1 (loaded from /lib64/libucp.so.0)
[1739950344.232712] [cn132:70018:0]     ucp_context.c:1849 UCX  WARN  UCP API version is incompatible: required >= 1.19, actual 1.13.1 (loaded from /lib64/libucp.so.0)
[1739950344.232441] [cn132:70076:0]     ucp_context.c:1849 UCX  WARN  UCP API version is incompatible: required >= 1.19, actual 1.13.1 (loaded from /lib64/libucp.so.0)
[1739950344.325194] [cn132:70011:0]     ucp_context.c:1849 UCX  WARN  UCP API version is incompatible: required >= 1.19, actual 1.13.1 (loaded from /lib64/libucp.so.0)
[1739950344.326254] [cn132:69981:0]     ucp_context.c:1849 UCX  WARN  UCP API version is incompatible: required >= 1.19, actual 1.13.1 (loaded from /lib64/libucp.so.0)
[1739950344.254186] [cn132:70012:0]     ucp_context.c:1849 UCX  WARN  UCP API version is incompatible: required >= 1.19, actual 1.13.1 (loaded from /lib64/libucp.so.0)
[1739950344.326262] [cn132:69993:0]     ucp_context.c:1849 UCX  WARN  UCP API version is incompatible: required >= 1.19, actual 1.13.1 (loaded from /lib64/libucp.so.0)
[1739950344.326294] [cn132:70010:0]     ucp_context.c:1849 UCX  WARN  UCP API version is incompatible: required >= 1.19, actual 1.13.1 (loaded from /lib64/libucp.so.0)
[1739950344.205674] [cn132:69992:0]     ucp_context.c:1849 UCX  WARN  UCP API version is incompatible: required >= 1.19, actual 1.13.1 (loaded from /lib64/libucp.so.0)
[1739950344.326275] [cn132:70005:0]     ucp_context.c:1849 UCX  WARN  UCP API version is incompatible: required >= 1.19, actual 1.13.1 (loaded from /lib64/libucp.so.0)
[1739950344.326284] [cn132:70007:0]     ucp_context.c:1849 UCX  WARN  UCP API version is incompatible: required >= 1.19, actual 1.13.1 (loaded from /lib64/libucp.so.0)
[1739950344.326092] [cn132:70009:0]     ucp_context.c:1849 UCX  WARN  UCP API version is incompatible: required >= 1.19, actual 1.13.1 (loaded from /lib64/libucp.so.0)
[1739950344.325368] [cn132:70077:0]     ucp_context.c:1849 UCX  WARN  UCP API version is incompatible: required >= 1.19, actual 1.13.1 (loaded from /lib64/libucp.so.0)
[1739950344.265289] [cn132:70078:0]     ucp_context.c:1849 UCX  WARN  UCP API version is incompatible: required >= 1.19, actual 1.13.1 (loaded from /lib64/libucp.so.0)
[1739950344.265336] [cn132:69988:0]     ucp_context.c:1849 UCX  WARN  UCP API version is incompatible: required >= 1.19, actual 1.13.1 (loaded from /lib64/libucp.so.0)
[1739950344.326265] [cn132:69999:0]     ucp_context.c:1849 UCX  WARN  UCP API version is incompatible: required >= 1.19, actual 1.13.1 (loaded from /lib64/libucp.so.0)
[1739950344.205764] [cn132:70008:0]     ucp_context.c:1849 UCX  WARN  UCP API version is incompatible: required >= 1.19, actual 1.13.1 (loaded from /lib64/libucp.so.0)
[1739950344.254094] [cn132:69984:0]     ucp_context.c:1849 UCX  WARN  UCP API version is incompatible: required >= 1.19, actual 1.13.1 (loaded from /lib64/libucp.so.0)
[1739950344.205741] [cn132:70000:0]     ucp_context.c:1849 UCX  WARN  UCP API version is incompatible: required >= 1.19, actual 1.13.1 (loaded from /lib64/libucp.so.0)
[1739950344.325741] [cn132:70001:0]     ucp_context.c:1849 UCX  WARN  UCP API version is incompatible: required >= 1.19, actual 1.13.1 (loaded from /lib64/libucp.so.0)
[1739950344.289085] [cn132:69983:0]     ucp_context.c:1849 UCX  WARN  UCP API version is incompatible: required >= 1.19, actual 1.13.1 (loaded from /lib64/libucp.so.0)
[1739950344.265354] [cn132:69996:0]     ucp_context.c:1849 UCX  WARN  UCP API version is incompatible: required >= 1.19, actual 1.13.1 (loaded from /lib64/libucp.so.0)
[1739950344.325192] [cn132:69985:0]     ucp_context.c:1849 UCX  WARN  UCP API version is incompatible: required >= 1.19, actual 1.13.1 (loaded from /lib64/libucp.so.0)
[1739950344.326012] [cn132:69987:0]     ucp_context.c:1849 UCX  WARN  UCP API version is incompatible: required >= 1.19, actual 1.13.1 (loaded from /lib64/libucp.so.0)
[1739950344.325644] [cn132:69979:0]     ucp_context.c:1849 UCX  WARN  UCP API version is incompatible: required >= 1.19, actual 1.13.1 (loaded from /lib64/libucp.so.0)
[1739950344.326050] [cn132:69997:0]     ucp_context.c:1849 UCX  WARN  UCP API version is incompatible: required >= 1.19, actual 1.13.1 (loaded from /lib64/libucp.so.0)
[1739950344.254156] [cn132:70002:0]     ucp_context.c:1849 UCX  WARN  UCP API version is incompatible: required >= 1.19, actual 1.13.1 (loaded from /lib64/libucp.so.0)
[1739950344.265328] [cn132:69982:0]     ucp_context.c:1849 UCX  WARN  UCP API version is incompatible: required >= 1.19, actual 1.13.1 (loaded from /lib64/libucp.so.0)
[1739950344.302026] [cn132:69998:0]     ucp_context.c:1849 UCX  WARN  UCP API version is incompatible: required >= 1.19, actual 1.13.1 (loaded from /lib64/libucp.so.0)
[1739950344.326251] [cn132:69991:0]     ucp_context.c:1849 UCX  WARN  UCP API version is incompatible: required >= 1.19, actual 1.13.1 (loaded from /lib64/libucp.so.0)
[1739950344.302616] [cn132:69977:0]     ucp_context.c:1849 UCX  WARN  UCP API version is incompatible: required >= 1.19, actual 1.13.1 (loaded from /lib64/libucp.so.0)
Charm++> Running in non-SMP mode: 128 processes (PEs)
Converse/Charm++ Commit ID: v7.1.0-devel-351-g2f85b0706
Charm++ built with internal error checking enabled.
Do not use for performance benchmarking (build without --enable-error-checking to do so).
[1739950344.265370] [cn132:70006:0]     ucp_context.c:1849 UCX  WARN  UCP API version is incompatible: required >= 1.19, actual 1.13.1 (loaded from /lib64/libucp.so.0)
[1739950344.325122] [cn132:70083:0]     ucp_context.c:1849 UCX  WARN  UCP API version is incompatible: required >= 1.19, actual 1.13.1 (loaded from /lib64/libucp.so.0)
[1739950344.138965] [cn132:69994:0]     ucp_context.c:1849 UCX  WARN  UCP API version is incompatible: required >= 1.19, actual 1.13.1 (loaded from /lib64/libucp.so.0)
[1739950344.232430] [cn132:70082:0]     ucp_context.c:1849 UCX  WARN  UCP API version is incompatible: required >= 1.19, actual 1.13.1 (loaded from /lib64/libucp.so.0)
[1739950344.302014] [cn132:69980:0]     ucp_context.c:1849 UCX  WARN  UCP API version is incompatible: required >= 1.19, actual 1.13.1 (loaded from /lib64/libucp.so.0)
[1739950344.302957] [cn132:70079:0]     ucp_context.c:1849 UCX  WARN  UCP API version is incompatible: required >= 1.19, actual 1.13.1 (loaded from /lib64/libucp.so.0)
[1739950344.302830] [cn132:70081:0]     ucp_context.c:1849 UCX  WARN  UCP API version is incompatible: required >= 1.19, actual 1.13.1 (loaded from /lib64/libucp.so.0)
[1739950344.303267] [cn132:70101:0]     ucp_context.c:1849 UCX  WARN  UCP API version is incompatible: required >= 1.19, actual 1.13.1 (loaded from /lib64/libucp.so.0)
[1739950344.265295] [cn132:70080:0]     ucp_context.c:1849 UCX  WARN  UCP API version is incompatible: required >= 1.19, actual 1.13.1 (loaded from /lib64/libucp.so.0)
[1739950344.265523] [cn132:70100:0]     ucp_context.c:1849 UCX  WARN  UCP API version is incompatible: required >= 1.19, actual 1.13.1 (loaded from /lib64/libucp.so.0)
[1739950344.048777] [cn132:70102:0]     ucp_context.c:1849 UCX  WARN  UCP API version is incompatible: required >= 1.19, actual 1.13.1 (loaded from /lib64/libucp.so.0)
[1739950344.205869] [cn132:70088:0]     ucp_context.c:1849 UCX  WARN  UCP API version is incompatible: required >= 1.19, actual 1.13.1 (loaded from /lib64/libucp.so.0)
[1739950344.303255] [cn132:70103:0]     ucp_context.c:1849 UCX  WARN  UCP API version is incompatible: required >= 1.19, actual 1.13.1 (loaded from /lib64/libucp.so.0)
[1739950344.326462] [cn132:70084:0]     ucp_context.c:1849 UCX  WARN  UCP API version is incompatible: required >= 1.19, actual 1.13.1 (loaded from /lib64/libucp.so.0)
[1739950344.303058] [cn132:70085:0]     ucp_context.c:1849 UCX  WARN  UCP API version is incompatible: required >= 1.19, actual 1.13.1 (loaded from /lib64/libucp.so.0)
[1739950344.302702] [cn132:70086:0]     ucp_context.c:1849 UCX  WARN  UCP API version is incompatible: required >= 1.19, actual 1.13.1 (loaded from /lib64/libucp.so.0)
[1739950344.205867] [cn132:70090:0]     ucp_context.c:1849 UCX  WARN  UCP API version is incompatible: required >= 1.19, actual 1.13.1 (loaded from /lib64/libucp.so.0)
[1739950344.303201] [cn132:70093:0]     ucp_context.c:1849 UCX  WARN  UCP API version is incompatible: required >= 1.19, actual 1.13.1 (loaded from /lib64/libucp.so.0)
[1739950344.048782] [cn132:70094:0]     ucp_context.c:1849 UCX  WARN  UCP API version is incompatible: required >= 1.19, actual 1.13.1 (loaded from /lib64/libucp.so.0)
[1739950344.289160] [cn132:70087:0]     ucp_context.c:1849 UCX  WARN  UCP API version is incompatible: required >= 1.19, actual 1.13.1 (loaded from /lib64/libucp.so.0)
[1739950344.303242] [cn132:70089:0]     ucp_context.c:1849 UCX  WARN  UCP API version is incompatible: required >= 1.19, actual 1.13.1 (loaded from /lib64/libucp.so.0)
[1739950344.303201] [cn132:70091:0]     ucp_context.c:1849 UCX  WARN  UCP API version is incompatible: required >= 1.19, actual 1.13.1 (loaded from /lib64/libucp.so.0)
[1739950344.288973] [cn132:70092:0]     ucp_context.c:1849 UCX  WARN  UCP API version is incompatible: required >= 1.19, actual 1.13.1 (loaded from /lib64/libucp.so.0)
[1739950344.325372] [cn132:70095:0]     ucp_context.c:1849 UCX  WARN  UCP API version is incompatible: required >= 1.19, actual 1.13.1 (loaded from /lib64/libucp.so.0)
[1739950344.302512] [cn132:70096:0]     ucp_context.c:1849 UCX  WARN  UCP API version is incompatible: required >= 1.19, actual 1.13.1 (loaded from /lib64/libucp.so.0)
[1739950344.303200] [cn132:70097:0]     ucp_context.c:1849 UCX  WARN  UCP API version is incompatible: required >= 1.19, actual 1.13.1 (loaded from /lib64/libucp.so.0)
[1739950344.265466] [cn132:70098:0]     ucp_context.c:1849 UCX  WARN  UCP API version is incompatible: required >= 1.19, actual 1.13.1 (loaded from /lib64/libucp.so.0)
[1739950344.325616] [cn132:70099:0]     ucp_context.c:1849 UCX  WARN  UCP API version is incompatible: required >= 1.19, actual 1.13.1 (loaded from /lib64/libucp.so.0)
[1739950344.302419] [cn132:70104:0]     ucp_context.c:1849 UCX  WARN  UCP API version is incompatible: required >= 1.19, actual 1.13.1 (loaded from /lib64/libucp.so.0)
[1739950344.265445] [cn132:69978:0]     ucp_context.c:1849 UCX  WARN  UCP API version is incompatible: required >= 1.19, actual 1.13.1 (loaded from /lib64/libucp.so.0)
Isomalloc> Synchronized global address space.
CharmLB> Load balancer assumes all CPUs are same.
Charm++> Running on 1 hosts (2 sockets x 64 cores x 1 PUs = 128-way SMP)
Charm++> cpu topology info is gathered in 0.090 seconds.
CharmLB> Load balancing instrumentation for communication is off.
Run ID: 4578506, Num PEs: 128, each stage will have 256 chares. Total num records: 225000000, per prod: 878906
slurmstepd: error: Detected 1 oom_kill event in StepId=6969719.0. Some of the step tasks have been OOM Killed.
srun: error: cn132: task 101: Out Of Memory
------------- Processor 56 Exiting: Called CmiAbort ------------
Reason: [56] Assertion "!(((uintptr_t)(req)) >= ((uintptr_t)UCS_ERR_LAST))" failed in file /u/yanniz3/charm-stream/src/arch/ucx/machine.C line 576.

[56] Stack Traceback:
  [56:0] streamtest-4578506 0x749500 CmiAsyncBroadcastFn
  [56:1] streamtest-4578506 0x71b89f 
  [56:2] streamtest-4578506 0x74a614 CmiFreeSendFn
  [56:3] streamtest-4578506 0x60acd7 CkSendMsgBranch
  [56:4] streamtest-4578506 0x69e6be CkReductionMgr::finishReduction()
  [56:5] streamtest-4578506 0x69f0a2 CkReductionMgr::addContribution(CkReductionMsg*)
  [56:6] streamtest-4578506 0x5a988d Readers::setInput(std::__cxx11::basic_string<char, std::char_traits<char>, std::allocator<char> >)
  [56:7] streamtest-4578506 0x594972 CkIndex_Readers::_call_setInput_marshall4(void*, void*)
  [56:8] streamtest-4578506 0x60986c CkDeliverMessageFree
  [56:9] streamtest-4578506 0x64e01b CkLocRec::invokeEntry(CkMigratable*, void*, int, bool)
  [56:10] streamtest-4578506 0x60ddd1 _processHandler(void*, CkCoreState*)
  [56:11] streamtest-4578506 0x718af4 CsdScheduleForever
  [56:12] streamtest-4578506 0x719045 CsdScheduler
  [56:13] streamtest-4578506 0x74ceca ConverseInit
  [56:14] streamtest-4578506 0x6ab217 charm_main
  [56:15] libc.so.6 0x7f10b3c03d85 __libc_start_main
  [56:16] streamtest-4578506 0x5904de _start
slurmstepd: error: *** STEP 6969719.0 ON cn132 CANCELLED AT 2025-02-19T01:35:25 ***
srun: Job step aborted: Waiting up to 32 seconds for job step to finish.
slurmstepd: error: *** JOB 6969719 ON cn132 CANCELLED AT 2025-02-19T01:35:25 ***
