Running job on 1 nodes with 128 PEs

Running as 128 OS processes: ./streamtest-2185589
charmrun> srun --mpi=pmi2 -n 128 ./streamtest-2185589
[1739950562.446734] [cn132:98829:0]     ucp_context.c:1849 UCX  WARN  UCP API version is incompatible: required >= 1.19, actual 1.13.1 (loaded from /lib64/libucp.so.0)
[1739950562.078794] [cn132:98834:0]     ucp_context.c:1849 UCX  WARN  UCP API version is incompatible: required >= 1.19, actual 1.13.1 (loaded from /lib64/libucp.so.0)
[1739950562.089965] [cn132:98821:0]     ucp_context.c:1849 UCX  WARN  UCP API version is incompatible: required >= 1.19, actual 1.13.1 (loaded from /lib64/libucp.so.0)
[1739950562.463994] [cn132:98843:0]     ucp_context.c:1849 UCX  WARN  UCP API version is incompatible: required >= 1.19, actual 1.13.1 (loaded from /lib64/libucp.so.0)
[1739950562.445836] [cn132:98851:0]     ucp_context.c:1849 UCX  WARN  UCP API version is incompatible: required >= 1.19, actual 1.13.1 (loaded from /lib64/libucp.so.0)
[1739950562.445834] [cn132:98855:0]     ucp_context.c:1849 UCX  WARN  UCP API version is incompatible: required >= 1.19, actual 1.13.1 (loaded from /lib64/libucp.so.0)
[1739950562.464186] [cn132:98824:0]     ucp_context.c:1849 UCX  WARN  UCP API version is incompatible: required >= 1.19, actual 1.13.1 (loaded from /lib64/libucp.so.0)
[1739950562.463472] [cn132:98839:0]     ucp_context.c:1849 UCX  WARN  UCP API version is incompatible: required >= 1.19, actual 1.13.1 (loaded from /lib64/libucp.so.0)
[1739950562.394953] [cn132:98826:0]     ucp_context.c:1849 UCX  WARN  UCP API version is incompatible: required >= 1.19, actual 1.13.1 (loaded from /lib64/libucp.so.0)
[1739950562.434348] [cn132:98866:0]     ucp_context.c:1849 UCX  WARN  UCP API version is incompatible: required >= 1.19, actual 1.13.1 (loaded from /lib64/libucp.so.0)
[1739950562.463452] [cn132:98820:0]     ucp_context.c:1849 UCX  WARN  UCP API version is incompatible: required >= 1.19, actual 1.13.1 (loaded from /lib64/libucp.so.0)
[1739950562.394965] [cn132:98830:0]     ucp_context.c:1849 UCX  WARN  UCP API version is incompatible: required >= 1.19, actual 1.13.1 (loaded from /lib64/libucp.so.0)
[1739950562.446125] [cn132:98815:0]     ucp_context.c:1849 UCX  WARN  UCP API version is incompatible: required >= 1.19, actual 1.13.1 (loaded from /lib64/libucp.so.0)
[1739950562.446144] [cn132:98847:0]     ucp_context.c:1849 UCX  WARN  UCP API version is incompatible: required >= 1.19, actual 1.13.1 (loaded from /lib64/libucp.so.0)
[1739950562.446641] [cn132:98848:0]     ucp_context.c:1849 UCX  WARN  UCP API version is incompatible: required >= 1.19, actual 1.13.1 (loaded from /lib64/libucp.so.0)
[1739950562.445850] [cn132:98857:0]     ucp_context.c:1849 UCX  WARN  UCP API version is incompatible: required >= 1.19, actual 1.13.1 (loaded from /lib64/libucp.so.0)
[1739950562.433769] [cn132:98856:0]     ucp_context.c:1849 UCX  WARN  UCP API version is incompatible: required >= 1.19, actual 1.13.1 (loaded from /lib64/libucp.so.0)
[1739950562.434211] [cn132:98844:0]     ucp_context.c:1849 UCX  WARN  UCP API version is incompatible: required >= 1.19, actual 1.13.1 (loaded from /lib64/libucp.so.0)
[1739950562.118108] [cn132:98846:0]     ucp_context.c:1849 UCX  WARN  UCP API version is incompatible: required >= 1.19, actual 1.13.1 (loaded from /lib64/libucp.so.0)
[1739950562.463208] [cn132:98812:0]     ucp_context.c:1849 UCX  WARN  UCP API version is incompatible: required >= 1.19, actual 1.13.1 (loaded from /lib64/libucp.so.0)
[1739950562.447150] [cn132:98835:0]     ucp_context.c:1849 UCX  WARN  UCP API version is incompatible: required >= 1.19, actual 1.13.1 (loaded from /lib64/libucp.so.0)
[1739950562.446607] [cn132:98831:0]     ucp_context.c:1849 UCX  WARN  UCP API version is incompatible: required >= 1.19, actual 1.13.1 (loaded from /lib64/libucp.so.0)
[1739950562.446357] [cn132:98803:0]     ucp_context.c:1849 UCX  WARN  UCP API version is incompatible: required >= 1.19, actual 1.13.1 (loaded from /lib64/libucp.so.0)
[1739950562.446714] [cn132:98804:0]     ucp_context.c:1849 UCX  WARN  UCP API version is incompatible: required >= 1.19, actual 1.13.1 (loaded from /lib64/libucp.so.0)
[1739950562.433984] [cn132:98832:0]     ucp_context.c:1849 UCX  WARN  UCP API version is incompatible: required >= 1.19, actual 1.13.1 (loaded from /lib64/libucp.so.0)
[1739950562.446742] [cn132:98833:0]     ucp_context.c:1849 UCX  WARN  UCP API version is incompatible: required >= 1.19, actual 1.13.1 (loaded from /lib64/libucp.so.0)
[1739950562.446392] [cn132:98822:0]     ucp_context.c:1849 UCX  WARN  UCP API version is incompatible: required >= 1.19, actual 1.13.1 (loaded from /lib64/libucp.so.0)
[1739950562.106975] [cn132:98823:0]     ucp_context.c:1849 UCX  WARN  UCP API version is incompatible: required >= 1.19, actual 1.13.1 (loaded from /lib64/libucp.so.0)
[1739950562.463453] [cn132:98817:0]     ucp_context.c:1849 UCX  WARN  UCP API version is incompatible: required >= 1.19, actual 1.13.1 (loaded from /lib64/libucp.so.0)
[1739950562.446709] [cn132:98791:0]     ucp_context.c:1849 UCX  WARN  UCP API version is incompatible: required >= 1.19, actual 1.13.1 (loaded from /lib64/libucp.so.0)
[1739950562.433413] [cn132:98816:0]     ucp_context.c:1849 UCX  WARN  UCP API version is incompatible: required >= 1.19, actual 1.13.1 (loaded from /lib64/libucp.so.0)
[1739950562.445455] [cn132:98819:0]     ucp_context.c:1849 UCX  WARN  UCP API version is incompatible: required >= 1.19, actual 1.13.1 (loaded from /lib64/libucp.so.0)
[1739950562.304066] [cn132:98800:0]     ucp_context.c:1849 UCX  WARN  UCP API version is incompatible: required >= 1.19, actual 1.13.1 (loaded from /lib64/libucp.so.0)
[1739950562.107007] [cn132:98814:0]     ucp_context.c:1849 UCX  WARN  UCP API version is incompatible: required >= 1.19, actual 1.13.1 (loaded from /lib64/libucp.so.0)
[1739950562.433314] [cn132:98795:0]     ucp_context.c:1849 UCX  WARN  UCP API version is incompatible: required >= 1.19, actual 1.13.1 (loaded from /lib64/libucp.so.0)
[1739950562.432921] [cn132:98792:0]     ucp_context.c:1849 UCX  WARN  UCP API version is incompatible: required >= 1.19, actual 1.13.1 (loaded from /lib64/libucp.so.0)
[1739950562.106964] [cn132:98805:0]     ucp_context.c:1849 UCX  WARN  UCP API version is incompatible: required >= 1.19, actual 1.13.1 (loaded from /lib64/libucp.so.0)
[1739950562.464846] [cn132:98801:0]     ucp_context.c:1849 UCX  WARN  UCP API version is incompatible: required >= 1.19, actual 1.13.1 (loaded from /lib64/libucp.so.0)
[1739950562.463029] [cn132:98796:0]     ucp_context.c:1849 UCX  WARN  UCP API version is incompatible: required >= 1.19, actual 1.13.1 (loaded from /lib64/libucp.so.0)
[1739950562.445782] [cn132:98798:0]     ucp_context.c:1849 UCX  WARN  UCP API version is incompatible: required >= 1.19, actual 1.13.1 (loaded from /lib64/libucp.so.0)
[1739950562.315395] [cn132:98797:0]     ucp_context.c:1849 UCX  WARN  UCP API version is incompatible: required >= 1.19, actual 1.13.1 (loaded from /lib64/libucp.so.0)
[1739950562.314870] [cn132:98777:0]     ucp_context.c:1849 UCX  WARN  UCP API version is incompatible: required >= 1.19, actual 1.13.1 (loaded from /lib64/libucp.so.0)
[1739950562.118019] [cn132:98739:0]     ucp_context.c:1849 UCX  WARN  UCP API version is incompatible: required >= 1.19, actual 1.13.1 (loaded from /lib64/libucp.so.0)
[1739950562.445164] [cn132:98772:0]     ucp_context.c:1849 UCX  WARN  UCP API version is incompatible: required >= 1.19, actual 1.13.1 (loaded from /lib64/libucp.so.0)
[1739950562.445853] [cn132:98859:0]     ucp_context.c:1849 UCX  WARN  UCP API version is incompatible: required >= 1.19, actual 1.13.1 (loaded from /lib64/libucp.so.0)
[1739950562.445726] [cn132:98761:0]     ucp_context.c:1849 UCX  WARN  UCP API version is incompatible: required >= 1.19, actual 1.13.1 (loaded from /lib64/libucp.so.0)
[1739950562.446128] [cn132:98769:0]     ucp_context.c:1849 UCX  WARN  UCP API version is incompatible: required >= 1.19, actual 1.13.1 (loaded from /lib64/libucp.so.0)
[1739950562.446090] [cn132:98787:0]     ucp_context.c:1849 UCX  WARN  UCP API version is incompatible: required >= 1.19, actual 1.13.1 (loaded from /lib64/libucp.so.0)
[1739950562.432901] [cn132:98790:0]     ucp_context.c:1849 UCX  WARN  UCP API version is incompatible: required >= 1.19, actual 1.13.1 (loaded from /lib64/libucp.so.0)
[1739950562.041502] [cn132:98836:0]     ucp_context.c:1849 UCX  WARN  UCP API version is incompatible: required >= 1.19, actual 1.13.1 (loaded from /lib64/libucp.so.0)
[1739950562.446692] [cn132:98758:0]     ucp_context.c:1849 UCX  WARN  UCP API version is incompatible: required >= 1.19, actual 1.13.1 (loaded from /lib64/libucp.so.0)
[1739950562.445399] [cn132:98785:0]     ucp_context.c:1849 UCX  WARN  UCP API version is incompatible: required >= 1.19, actual 1.13.1 (loaded from /lib64/libucp.so.0)
[1739950562.446299] [cn132:98756:0]     ucp_context.c:1849 UCX  WARN  UCP API version is incompatible: required >= 1.19, actual 1.13.1 (loaded from /lib64/libucp.so.0)
[1739950562.445376] [cn132:98780:0]     ucp_context.c:1849 UCX  WARN  UCP API version is incompatible: required >= 1.19, actual 1.13.1 (loaded from /lib64/libucp.so.0)
[1739950562.446797] [cn132:98752:0]     ucp_context.c:1849 UCX  WARN  UCP API version is incompatible: required >= 1.19, actual 1.13.1 (loaded from /lib64/libucp.so.0)
[1739950562.463331] [cn132:98766:0]     ucp_context.c:1849 UCX  WARN  UCP API version is incompatible: required >= 1.19, actual 1.13.1 (loaded from /lib64/libucp.so.0)
[1739950562.446325] [cn132:98773:0]     ucp_context.c:1849 UCX  WARN  UCP API version is incompatible: required >= 1.19, actual 1.13.1 (loaded from /lib64/libucp.so.0)
[1739950562.445155] [cn132:98775:0]     ucp_context.c:1849 UCX  WARN  UCP API version is incompatible: required >= 1.19, actual 1.13.1 (loaded from /lib64/libucp.so.0)
[1739950562.445050] [cn132:98854:0]     ucp_context.c:1849 UCX  WARN  UCP API version is incompatible: required >= 1.19, actual 1.13.1 (loaded from /lib64/libucp.so.0)
[1739950562.432763] [cn132:98727:0]     ucp_context.c:1849 UCX  WARN  UCP API version is incompatible: required >= 1.19, actual 1.13.1 (loaded from /lib64/libucp.so.0)
[1739950562.446750] [cn132:98845:0]     ucp_context.c:1849 UCX  WARN  UCP API version is incompatible: required >= 1.19, actual 1.13.1 (loaded from /lib64/libucp.so.0)
[1739950562.446301] [cn132:98753:0]     ucp_context.c:1849 UCX  WARN  UCP API version is incompatible: required >= 1.19, actual 1.13.1 (loaded from /lib64/libucp.so.0)
[1739950562.432829] [cn132:98764:0]     ucp_context.c:1849 UCX  WARN  UCP API version is incompatible: required >= 1.19, actual 1.13.1 (loaded from /lib64/libucp.so.0)
[1739950562.432766] [cn132:98759:0]     ucp_context.c:1849 UCX  WARN  UCP API version is incompatible: required >= 1.19, actual 1.13.1 (loaded from /lib64/libucp.so.0)
[1739950562.432738] [cn132:98754:0]     ucp_context.c:1849 UCX  WARN  UCP API version is incompatible: required >= 1.19, actual 1.13.1 (loaded from /lib64/libucp.so.0)
[1739950562.463808] [cn132:98738:0]     ucp_context.c:1849 UCX  WARN  UCP API version is incompatible: required >= 1.19, actual 1.13.1 (loaded from /lib64/libucp.so.0)
[1739950562.463008] [cn132:98746:0]     ucp_context.c:1849 UCX  WARN  UCP API version is incompatible: required >= 1.19, actual 1.13.1 (loaded from /lib64/libucp.so.0)
[1739950562.433503] [cn132:98734:0]     ucp_context.c:1849 UCX  WARN  UCP API version is incompatible: required >= 1.19, actual 1.13.1 (loaded from /lib64/libucp.so.0)
[1739950562.474333] [cn132:98751:0]     ucp_context.c:1849 UCX  WARN  UCP API version is incompatible: required >= 1.19, actual 1.13.1 (loaded from /lib64/libucp.so.0)
[1739950562.315370] [cn132:98748:0]     ucp_context.c:1849 UCX  WARN  UCP API version is incompatible: required >= 1.19, actual 1.13.1 (loaded from /lib64/libucp.so.0)
[1739950562.433349] [cn132:98757:0]     ucp_context.c:1849 UCX  WARN  UCP API version is incompatible: required >= 1.19, actual 1.13.1 (loaded from /lib64/libucp.so.0)
[1739950562.446276] [cn132:98722:0]     ucp_context.c:1849 UCX  WARN  UCP API version is incompatible: required >= 1.19, actual 1.13.1 (loaded from /lib64/libucp.so.0)
[1739950562.463414] [cn132:98725:0]     ucp_context.c:1849 UCX  WARN  UCP API version is incompatible: required >= 1.19, actual 1.13.1 (loaded from /lib64/libucp.so.0)
[1739950562.434284] [cn132:98842:0]     ucp_context.c:1849 UCX  WARN  UCP API version is incompatible: required >= 1.19, actual 1.13.1 (loaded from /lib64/libucp.so.0)
[1739950562.463414] [cn132:98716:0]     ucp_context.c:1849 UCX  WARN  UCP API version is incompatible: required >= 1.19, actual 1.13.1 (loaded from /lib64/libucp.so.0)
[1739950562.463394] [cn132:98714:0]     ucp_context.c:1849 UCX  WARN  UCP API version is incompatible: required >= 1.19, actual 1.13.1 (loaded from /lib64/libucp.so.0)
[1739950562.463416] [cn132:98720:0]     ucp_context.c:1849 UCX  WARN  UCP API version is incompatible: required >= 1.19, actual 1.13.1 (loaded from /lib64/libucp.so.0)
[1739950562.463008] [cn132:98736:0]     ucp_context.c:1849 UCX  WARN  UCP API version is incompatible: required >= 1.19, actual 1.13.1 (loaded from /lib64/libucp.so.0)
[1739950562.446720] [cn132:98807:0]     ucp_context.c:1849 UCX  WARN  UCP API version is incompatible: required >= 1.19, actual 1.13.1 (loaded from /lib64/libucp.so.0)
[1739950562.315022] [cn132:98810:0]     ucp_context.c:1849 UCX  WARN  UCP API version is incompatible: required >= 1.19, actual 1.13.1 (loaded from /lib64/libucp.so.0)
[1739950562.446266] [cn132:98718:0]     ucp_context.c:1849 UCX  WARN  UCP API version is incompatible: required >= 1.19, actual 1.13.1 (loaded from /lib64/libucp.so.0)
[1739950562.463319] [cn132:98733:0]     ucp_context.c:1849 UCX  WARN  UCP API version is incompatible: required >= 1.19, actual 1.13.1 (loaded from /lib64/libucp.so.0)
[1739950562.107196] [cn132:98737:0]     ucp_context.c:1849 UCX  WARN  UCP API version is incompatible: required >= 1.19, actual 1.13.1 (loaded from /lib64/libucp.so.0)
[1739950562.446781] [cn132:98711:0]     ucp_context.c:1849 UCX  WARN  UCP API version is incompatible: required >= 1.19, actual 1.13.1 (loaded from /lib64/libucp.so.0)
[1739950562.433662] [cn132:98717:0]     ucp_context.c:1849 UCX  WARN  UCP API version is incompatible: required >= 1.19, actual 1.13.1 (loaded from /lib64/libucp.so.0)
[1739950562.315354] [cn132:98719:0]     ucp_context.c:1849 UCX  WARN  UCP API version is incompatible: required >= 1.19, actual 1.13.1 (loaded from /lib64/libucp.so.0)
[1739950562.463096] [cn132:98698:0]     ucp_context.c:1849 UCX  WARN  UCP API version is incompatible: required >= 1.19, actual 1.13.1 (loaded from /lib64/libucp.so.0)
[1739950562.463023] [cn132:98793:0]     ucp_context.c:1849 UCX  WARN  UCP API version is incompatible: required >= 1.19, actual 1.13.1 (loaded from /lib64/libucp.so.0)
[1739950562.433582] [cn132:98704:0]     ucp_context.c:1849 UCX  WARN  UCP API version is incompatible: required >= 1.19, actual 1.13.1 (loaded from /lib64/libucp.so.0)
[1739950562.429764] [cn132:98699:0]     ucp_context.c:1849 UCX  WARN  UCP API version is incompatible: required >= 1.19, actual 1.13.1 (loaded from /lib64/libucp.so.0)
[1739950562.446259] [cn132:98696:0]     ucp_context.c:1849 UCX  WARN  UCP API version is incompatible: required >= 1.19, actual 1.13.1 (loaded from /lib64/libucp.so.0)
Charm++> Running in non-SMP mode: 128 processes (PEs)
Converse/Charm++ Commit ID: v7.1.0-devel-351-g2f85b0706
Charm++ built with internal error checking enabled.
Do not use for performance benchmarking (build without --enable-error-checking to do so).
[1739950562.382954] [cn132:98709:0]     ucp_context.c:1849 UCX  WARN  UCP API version is incompatible: required >= 1.19, actual 1.13.1 (loaded from /lib64/libucp.so.0)
[1739950562.434320] [cn132:98858:0]     ucp_context.c:1849 UCX  WARN  UCP API version is incompatible: required >= 1.19, actual 1.13.1 (loaded from /lib64/libucp.so.0)
[1739950562.446184] [cn132:98867:0]     ucp_context.c:1849 UCX  WARN  UCP API version is incompatible: required >= 1.19, actual 1.13.1 (loaded from /lib64/libucp.so.0)
[1739950562.432614] [cn132:98697:0]     ucp_context.c:1849 UCX  WARN  UCP API version is incompatible: required >= 1.19, actual 1.13.1 (loaded from /lib64/libucp.so.0)
[1739950562.463393] [cn132:98701:0]     ucp_context.c:1849 UCX  WARN  UCP API version is incompatible: required >= 1.19, actual 1.13.1 (loaded from /lib64/libucp.so.0)
[1739950562.318382] [cn132:98712:0]     ucp_context.c:1849 UCX  WARN  UCP API version is incompatible: required >= 1.19, actual 1.13.1 (loaded from /lib64/libucp.so.0)
[1739950562.446080] [cn132:98782:0]     ucp_context.c:1849 UCX  WARN  UCP API version is incompatible: required >= 1.19, actual 1.13.1 (loaded from /lib64/libucp.so.0)
[1739950562.118025] [cn132:98883:0]     ucp_context.c:1849 UCX  WARN  UCP API version is incompatible: required >= 1.19, actual 1.13.1 (loaded from /lib64/libucp.so.0)
[1739950562.446655] [cn132:98889:0]     ucp_context.c:1849 UCX  WARN  UCP API version is incompatible: required >= 1.19, actual 1.13.1 (loaded from /lib64/libucp.so.0)
[1739950562.446525] [cn132:98778:0]     ucp_context.c:1849 UCX  WARN  UCP API version is incompatible: required >= 1.19, actual 1.13.1 (loaded from /lib64/libucp.so.0)
[1739950562.446155] [cn132:98863:0]     ucp_context.c:1849 UCX  WARN  UCP API version is incompatible: required >= 1.19, actual 1.13.1 (loaded from /lib64/libucp.so.0)
[1739950562.446642] [cn132:98887:0]     ucp_context.c:1849 UCX  WARN  UCP API version is incompatible: required >= 1.19, actual 1.13.1 (loaded from /lib64/libucp.so.0)
[1739950562.446479] [cn132:98891:0]     ucp_context.c:1849 UCX  WARN  UCP API version is incompatible: required >= 1.19, actual 1.13.1 (loaded from /lib64/libucp.so.0)
[1739950562.463495] [cn132:98776:0]     ucp_context.c:1849 UCX  WARN  UCP API version is incompatible: required >= 1.19, actual 1.13.1 (loaded from /lib64/libucp.so.0)
[1739950562.315057] [cn132:98860:0]     ucp_context.c:1849 UCX  WARN  UCP API version is incompatible: required >= 1.19, actual 1.13.1 (loaded from /lib64/libucp.so.0)
[1739950562.463206] [cn132:98771:0]     ucp_context.c:1849 UCX  WARN  UCP API version is incompatible: required >= 1.19, actual 1.13.1 (loaded from /lib64/libucp.so.0)
[1739950562.445592] [cn132:98882:0]     ucp_context.c:1849 UCX  WARN  UCP API version is incompatible: required >= 1.19, actual 1.13.1 (loaded from /lib64/libucp.so.0)
[1739950562.315022] [cn132:98890:0]     ucp_context.c:1849 UCX  WARN  UCP API version is incompatible: required >= 1.19, actual 1.13.1 (loaded from /lib64/libucp.so.0)
[1739950562.445281] [cn132:98875:0]     ucp_context.c:1849 UCX  WARN  UCP API version is incompatible: required >= 1.19, actual 1.13.1 (loaded from /lib64/libucp.so.0)
[1739950562.463538] [cn132:98741:0]     ucp_context.c:1849 UCX  WARN  UCP API version is incompatible: required >= 1.19, actual 1.13.1 (loaded from /lib64/libucp.so.0)
[1739950562.445914] [cn132:98878:0]     ucp_context.c:1849 UCX  WARN  UCP API version is incompatible: required >= 1.19, actual 1.13.1 (loaded from /lib64/libucp.so.0)
[1739950562.445923] [cn132:98880:0]     ucp_context.c:1849 UCX  WARN  UCP API version is incompatible: required >= 1.19, actual 1.13.1 (loaded from /lib64/libucp.so.0)
[1739950562.446189] [cn132:98871:0]     ucp_context.c:1849 UCX  WARN  UCP API version is incompatible: required >= 1.19, actual 1.13.1 (loaded from /lib64/libucp.so.0)
[1739950562.432975] [cn132:98881:0]     ucp_context.c:1849 UCX  WARN  UCP API version is incompatible: required >= 1.19, actual 1.13.1 (loaded from /lib64/libucp.so.0)
[1739950562.445567] [cn132:98877:0]     ucp_context.c:1849 UCX  WARN  UCP API version is incompatible: required >= 1.19, actual 1.13.1 (loaded from /lib64/libucp.so.0)
[1739950562.432961] [cn132:98879:0]     ucp_context.c:1849 UCX  WARN  UCP API version is incompatible: required >= 1.19, actual 1.13.1 (loaded from /lib64/libucp.so.0)
[1739950562.433634] [cn132:98732:0]     ucp_context.c:1849 UCX  WARN  UCP API version is incompatible: required >= 1.19, actual 1.13.1 (loaded from /lib64/libucp.so.0)
[1739950562.434885] [cn132:98873:0]     ucp_context.c:1849 UCX  WARN  UCP API version is incompatible: required >= 1.19, actual 1.13.1 (loaded from /lib64/libucp.so.0)
[1739950562.444995] [cn132:98743:0]     ucp_context.c:1849 UCX  WARN  UCP API version is incompatible: required >= 1.19, actual 1.13.1 (loaded from /lib64/libucp.so.0)
[1739950562.463308] [cn132:98730:0]     ucp_context.c:1849 UCX  WARN  UCP API version is incompatible: required >= 1.19, actual 1.13.1 (loaded from /lib64/libucp.so.0)
[1739950562.446258] [cn132:98715:0]     ucp_context.c:1849 UCX  WARN  UCP API version is incompatible: required >= 1.19, actual 1.13.1 (loaded from /lib64/libucp.so.0)
[1739950562.463406] [cn132:98707:0]     ucp_context.c:1849 UCX  WARN  UCP API version is incompatible: required >= 1.19, actual 1.13.1 (loaded from /lib64/libucp.so.0)
[1739950562.314983] [cn132:98892:0]     ucp_context.c:1849 UCX  WARN  UCP API version is incompatible: required >= 1.19, actual 1.13.1 (loaded from /lib64/libucp.so.0)
[1739950562.446463] [cn132:98885:0]     ucp_context.c:1849 UCX  WARN  UCP API version is incompatible: required >= 1.19, actual 1.13.1 (loaded from /lib64/libucp.so.0)
[1739950562.445531] [cn132:98868:0]     ucp_context.c:1849 UCX  WARN  UCP API version is incompatible: required >= 1.19, actual 1.13.1 (loaded from /lib64/libucp.so.0)
[1739950562.445885] [cn132:98869:0]     ucp_context.c:1849 UCX  WARN  UCP API version is incompatible: required >= 1.19, actual 1.13.1 (loaded from /lib64/libucp.so.0)
[1739950562.434356] [cn132:98870:0]     ucp_context.c:1849 UCX  WARN  UCP API version is incompatible: required >= 1.19, actual 1.13.1 (loaded from /lib64/libucp.so.0)
Isomalloc> Synchronized global address space.
CharmLB> Load balancer assumes all CPUs are same.
Charm++> Running on 1 hosts (2 sockets x 64 cores x 1 PUs = 128-way SMP)
Charm++> cpu topology info is gathered in 0.090 seconds.
CharmLB> Load balancing instrumentation for communication is off.
Run ID: 2185589, Num PEs: 128, each stage will have 256 chares. Total num records: 150000000, per prod: 585937
All readers have received their inputs, beginning work, input generation took 36.964188
slurmstepd: error: Detected 1 oom_kill event in StepId=6969738.0. Some of the step tasks have been OOM Killed.
srun: error: cn132: task 75: Out Of Memory
srun: Job step aborted: Waiting up to 32 seconds for job step to finish.
slurmstepd: error: *** STEP 6969738.0 ON cn132 CANCELLED AT 2025-02-19T01:37:37 ***
slurmstepd: error: *** JOB 6969738 ON cn132 CANCELLED AT 2025-02-19T01:37:37 ***
