Running job on 1 nodes with 128 PEs

Running as 128 OS processes: ./streamtest-2326476
charmrun> srun --mpi=pmi2 -n 128 ./streamtest-2326476
[1739851849.251408] [cn104:1652165:0]     ucp_context.c:1849 UCX  WARN  UCP API version is incompatible: required >= 1.19, actual 1.13.1 (loaded from /lib64/libucp.so.0)
[1739851849.413016] [cn104:1652172:0]     ucp_context.c:1849 UCX  WARN  UCP API version is incompatible: required >= 1.19, actual 1.13.1 (loaded from /lib64/libucp.so.0)
[1739851849.412895] [cn104:1652164:0]     ucp_context.c:1849 UCX  WARN  UCP API version is incompatible: required >= 1.19, actual 1.13.1 (loaded from /lib64/libucp.so.0)
[1739851849.423756] [cn104:1652144:0]     ucp_context.c:1849 UCX  WARN  UCP API version is incompatible: required >= 1.19, actual 1.13.1 (loaded from /lib64/libucp.so.0)
[1739851849.412323] [cn104:1652126:0]     ucp_context.c:1849 UCX  WARN  UCP API version is incompatible: required >= 1.19, actual 1.13.1 (loaded from /lib64/libucp.so.0)
[1739851849.412979] [cn104:1652122:0]     ucp_context.c:1849 UCX  WARN  UCP API version is incompatible: required >= 1.19, actual 1.13.1 (loaded from /lib64/libucp.so.0)
[1739851849.363138] [cn104:1652177:0]     ucp_context.c:1849 UCX  WARN  UCP API version is incompatible: required >= 1.19, actual 1.13.1 (loaded from /lib64/libucp.so.0)
[1739851849.398056] [cn104:1652196:0]     ucp_context.c:1849 UCX  WARN  UCP API version is incompatible: required >= 1.19, actual 1.13.1 (loaded from /lib64/libucp.so.0)
[1739851849.251060] [cn104:1652187:0]     ucp_context.c:1849 UCX  WARN  UCP API version is incompatible: required >= 1.19, actual 1.13.1 (loaded from /lib64/libucp.so.0)
[1739851849.251572] [cn104:1652193:0]     ucp_context.c:1849 UCX  WARN  UCP API version is incompatible: required >= 1.19, actual 1.13.1 (loaded from /lib64/libucp.so.0)
[1739851849.220861] [cn104:1652191:0]     ucp_context.c:1849 UCX  WARN  UCP API version is incompatible: required >= 1.19, actual 1.13.1 (loaded from /lib64/libucp.so.0)
[1739851849.251776] [cn104:1652194:0]     ucp_context.c:1849 UCX  WARN  UCP API version is incompatible: required >= 1.19, actual 1.13.1 (loaded from /lib64/libucp.so.0)
[1739851849.251661] [cn104:1652175:0]     ucp_context.c:1849 UCX  WARN  UCP API version is incompatible: required >= 1.19, actual 1.13.1 (loaded from /lib64/libucp.so.0)
[1739851849.385069] [cn104:1652169:0]     ucp_context.c:1849 UCX  WARN  UCP API version is incompatible: required >= 1.19, actual 1.13.1 (loaded from /lib64/libucp.so.0)
[1739851849.412340] [cn104:1652142:0]     ucp_context.c:1849 UCX  WARN  UCP API version is incompatible: required >= 1.19, actual 1.13.1 (loaded from /lib64/libucp.so.0)
[1739851849.124033] [cn104:1652195:0]     ucp_context.c:1849 UCX  WARN  UCP API version is incompatible: required >= 1.19, actual 1.13.1 (loaded from /lib64/libucp.so.0)
[1739851849.221092] [cn104:1652171:0]     ucp_context.c:1849 UCX  WARN  UCP API version is incompatible: required >= 1.19, actual 1.13.1 (loaded from /lib64/libucp.so.0)
[1739851849.251785] [cn104:1652173:0]     ucp_context.c:1849 UCX  WARN  UCP API version is incompatible: required >= 1.19, actual 1.13.1 (loaded from /lib64/libucp.so.0)
[1739851849.412722] [cn104:1652188:0]     ucp_context.c:1849 UCX  WARN  UCP API version is incompatible: required >= 1.19, actual 1.13.1 (loaded from /lib64/libucp.so.0)
[1739851849.412742] [cn104:1652192:0]     ucp_context.c:1849 UCX  WARN  UCP API version is incompatible: required >= 1.19, actual 1.13.1 (loaded from /lib64/libucp.so.0)
[1739851849.209013] [cn104:1652159:0]     ucp_context.c:1849 UCX  WARN  UCP API version is incompatible: required >= 1.19, actual 1.13.1 (loaded from /lib64/libucp.so.0)
[1739851849.413009] [cn104:1652160:0]     ucp_context.c:1849 UCX  WARN  UCP API version is incompatible: required >= 1.19, actual 1.13.1 (loaded from /lib64/libucp.so.0)
[1739851849.412720] [cn104:1652190:0]     ucp_context.c:1849 UCX  WARN  UCP API version is incompatible: required >= 1.19, actual 1.13.1 (loaded from /lib64/libucp.so.0)
[1739851849.124017] [cn104:1652183:0]     ucp_context.c:1849 UCX  WARN  UCP API version is incompatible: required >= 1.19, actual 1.13.1 (loaded from /lib64/libucp.so.0)
[1739851849.412928] [cn104:1652176:0]     ucp_context.c:1849 UCX  WARN  UCP API version is incompatible: required >= 1.19, actual 1.13.1 (loaded from /lib64/libucp.so.0)
[1739851849.412711] [cn104:1652186:0]     ucp_context.c:1849 UCX  WARN  UCP API version is incompatible: required >= 1.19, actual 1.13.1 (loaded from /lib64/libucp.so.0)
[1739851849.398160] [cn104:1652180:0]     ucp_context.c:1849 UCX  WARN  UCP API version is incompatible: required >= 1.19, actual 1.13.1 (loaded from /lib64/libucp.so.0)
[1739851849.398160] [cn104:1652184:0]     ucp_context.c:1849 UCX  WARN  UCP API version is incompatible: required >= 1.19, actual 1.13.1 (loaded from /lib64/libucp.so.0)
[1739851849.412909] [cn104:1652174:0]     ucp_context.c:1849 UCX  WARN  UCP API version is incompatible: required >= 1.19, actual 1.13.1 (loaded from /lib64/libucp.so.0)
[1739851849.123971] [cn104:1652189:0]     ucp_context.c:1849 UCX  WARN  UCP API version is incompatible: required >= 1.19, actual 1.13.1 (loaded from /lib64/libucp.so.0)
[1739851849.412429] [cn104:1652178:0]     ucp_context.c:1849 UCX  WARN  UCP API version is incompatible: required >= 1.19, actual 1.13.1 (loaded from /lib64/libucp.so.0)
[1739851849.124013] [cn104:1652135:0]     ucp_context.c:1849 UCX  WARN  UCP API version is incompatible: required >= 1.19, actual 1.13.1 (loaded from /lib64/libucp.so.0)
[1739851849.124030] [cn104:1652197:0]     ucp_context.c:1849 UCX  WARN  UCP API version is incompatible: required >= 1.19, actual 1.13.1 (loaded from /lib64/libucp.so.0)
[1739851849.412562] [cn104:1652134:0]     ucp_context.c:1849 UCX  WARN  UCP API version is incompatible: required >= 1.19, actual 1.13.1 (loaded from /lib64/libucp.so.0)
[1739851849.424192] [cn104:1652098:0]     ucp_context.c:1849 UCX  WARN  UCP API version is incompatible: required >= 1.19, actual 1.13.1 (loaded from /lib64/libucp.so.0)
[1739851849.424299] [cn104:1652100:0]     ucp_context.c:1849 UCX  WARN  UCP API version is incompatible: required >= 1.19, actual 1.13.1 (loaded from /lib64/libucp.so.0)
[1739851849.397905] [cn104:1652198:0]     ucp_context.c:1849 UCX  WARN  UCP API version is incompatible: required >= 1.19, actual 1.13.1 (loaded from /lib64/libucp.so.0)
[1739851849.424196] [cn104:1652092:0]     ucp_context.c:1849 UCX  WARN  UCP API version is incompatible: required >= 1.19, actual 1.13.1 (loaded from /lib64/libucp.so.0)
[1739851849.251639] [cn104:1652167:0]     ucp_context.c:1849 UCX  WARN  UCP API version is incompatible: required >= 1.19, actual 1.13.1 (loaded from /lib64/libucp.so.0)
[1739851849.209007] [cn104:1652091:0]     ucp_context.c:1849 UCX  WARN  UCP API version is incompatible: required >= 1.19, actual 1.13.1 (loaded from /lib64/libucp.so.0)
[1739851849.424044] [cn104:1652094:0]     ucp_context.c:1849 UCX  WARN  UCP API version is incompatible: required >= 1.19, actual 1.13.1 (loaded from /lib64/libucp.so.0)
[1739851849.412894] [cn104:1652166:0]     ucp_context.c:1849 UCX  WARN  UCP API version is incompatible: required >= 1.19, actual 1.13.1 (loaded from /lib64/libucp.so.0)
[1739851849.412871] [cn104:1652158:0]     ucp_context.c:1849 UCX  WARN  UCP API version is incompatible: required >= 1.19, actual 1.13.1 (loaded from /lib64/libucp.so.0)
[1739851849.424486] [cn104:1652156:0]     ucp_context.c:1849 UCX  WARN  UCP API version is incompatible: required >= 1.19, actual 1.13.1 (loaded from /lib64/libucp.so.0)
[1739851849.251515] [cn104:1652163:0]     ucp_context.c:1849 UCX  WARN  UCP API version is incompatible: required >= 1.19, actual 1.13.1 (loaded from /lib64/libucp.so.0)
[1739851849.098246] [cn104:1652119:0]     ucp_context.c:1849 UCX  WARN  UCP API version is incompatible: required >= 1.19, actual 1.13.1 (loaded from /lib64/libucp.so.0)
[1739851849.251570] [cn104:1652185:0]     ucp_context.c:1849 UCX  WARN  UCP API version is incompatible: required >= 1.19, actual 1.13.1 (loaded from /lib64/libucp.so.0)
[1739851849.123988] [cn104:1652111:0]     ucp_context.c:1849 UCX  WARN  UCP API version is incompatible: required >= 1.19, actual 1.13.1 (loaded from /lib64/libucp.so.0)
[1739851849.384940] [cn104:1652161:0]     ucp_context.c:1849 UCX  WARN  UCP API version is incompatible: required >= 1.19, actual 1.13.1 (loaded from /lib64/libucp.so.0)
[1739851849.251426] [cn104:1652157:0]     ucp_context.c:1849 UCX  WARN  UCP API version is incompatible: required >= 1.19, actual 1.13.1 (loaded from /lib64/libucp.so.0)
[1739851849.398229] [cn104:1652162:0]     ucp_context.c:1849 UCX  WARN  UCP API version is incompatible: required >= 1.19, actual 1.13.1 (loaded from /lib64/libucp.so.0)
[1739851849.423937] [cn104:1652154:0]     ucp_context.c:1849 UCX  WARN  UCP API version is incompatible: required >= 1.19, actual 1.13.1 (loaded from /lib64/libucp.so.0)
[1739851849.412855] [cn104:1652150:0]     ucp_context.c:1849 UCX  WARN  UCP API version is incompatible: required >= 1.19, actual 1.13.1 (loaded from /lib64/libucp.so.0)
[1739851849.412290] [cn104:1652088:0]     ucp_context.c:1849 UCX  WARN  UCP API version is incompatible: required >= 1.19, actual 1.13.1 (loaded from /lib64/libucp.so.0)
[1739851849.251160] [cn104:1652151:0]     ucp_context.c:1849 UCX  WARN  UCP API version is incompatible: required >= 1.19, actual 1.13.1 (loaded from /lib64/libucp.so.0)
[1739851849.351932] [cn104:1652081:0]     ucp_context.c:1849 UCX  WARN  UCP API version is incompatible: required >= 1.19, actual 1.13.1 (loaded from /lib64/libucp.so.0)
[1739851849.363098] [cn104:1652147:0]     ucp_context.c:1849 UCX  WARN  UCP API version is incompatible: required >= 1.19, actual 1.13.1 (loaded from /lib64/libucp.so.0)
[1739851849.363070] [cn104:1652115:0]     ucp_context.c:1849 UCX  WARN  UCP API version is incompatible: required >= 1.19, actual 1.13.1 (loaded from /lib64/libucp.so.0)
[1739851849.412643] [cn104:1652152:0]     ucp_context.c:1849 UCX  WARN  UCP API version is incompatible: required >= 1.19, actual 1.13.1 (loaded from /lib64/libucp.so.0)
[1739851849.352220] [cn104:1652179:0]     ucp_context.c:1849 UCX  WARN  UCP API version is incompatible: required >= 1.19, actual 1.13.1 (loaded from /lib64/libucp.so.0)
[1739851849.251426] [cn104:1652181:0]     ucp_context.c:1849 UCX  WARN  UCP API version is incompatible: required >= 1.19, actual 1.13.1 (loaded from /lib64/libucp.so.0)
[1739851849.424074] [cn104:1652170:0]     ucp_context.c:1849 UCX  WARN  UCP API version is incompatible: required >= 1.19, actual 1.13.1 (loaded from /lib64/libucp.so.0)
[1739851849.412697] [cn104:1652182:0]     ucp_context.c:1849 UCX  WARN  UCP API version is incompatible: required >= 1.19, actual 1.13.1 (loaded from /lib64/libucp.so.0)
[1739851849.412852] [cn104:1652146:0]     ucp_context.c:1849 UCX  WARN  UCP API version is incompatible: required >= 1.19, actual 1.13.1 (loaded from /lib64/libucp.so.0)
[1739851849.220814] [cn104:1652153:0]     ucp_context.c:1849 UCX  WARN  UCP API version is incompatible: required >= 1.19, actual 1.13.1 (loaded from /lib64/libucp.so.0)
[1739851849.251701] [cn104:1652143:0]     ucp_context.c:1849 UCX  WARN  UCP API version is incompatible: required >= 1.19, actual 1.13.1 (loaded from /lib64/libucp.so.0)
[1739851849.363093] [cn104:1652145:0]     ucp_context.c:1849 UCX  WARN  UCP API version is incompatible: required >= 1.19, actual 1.13.1 (loaded from /lib64/libucp.so.0)
[1739851849.412346] [cn104:1652136:0]     ucp_context.c:1849 UCX  WARN  UCP API version is incompatible: required >= 1.19, actual 1.13.1 (loaded from /lib64/libucp.so.0)
[1739851849.412893] [cn104:1652168:0]     ucp_context.c:1849 UCX  WARN  UCP API version is incompatible: required >= 1.19, actual 1.13.1 (loaded from /lib64/libucp.so.0)
[1739851849.424070] [cn104:1652140:0]     ucp_context.c:1849 UCX  WARN  UCP API version is incompatible: required >= 1.19, actual 1.13.1 (loaded from /lib64/libucp.so.0)
[1739851849.251502] [cn104:1652129:0]     ucp_context.c:1849 UCX  WARN  UCP API version is incompatible: required >= 1.19, actual 1.13.1 (loaded from /lib64/libucp.so.0)
[1739851849.251522] [cn104:1652139:0]     ucp_context.c:1849 UCX  WARN  UCP API version is incompatible: required >= 1.19, actual 1.13.1 (loaded from /lib64/libucp.so.0)
[1739851849.362978] [cn104:1652137:0]     ucp_context.c:1849 UCX  WARN  UCP API version is incompatible: required >= 1.19, actual 1.13.1 (loaded from /lib64/libucp.so.0)
[1739851849.351981] [cn104:1652095:0]     ucp_context.c:1849 UCX  WARN  UCP API version is incompatible: required >= 1.19, actual 1.13.1 (loaded from /lib64/libucp.so.0)
[1739851849.351973] [cn104:1652093:0]     ucp_context.c:1849 UCX  WARN  UCP API version is incompatible: required >= 1.19, actual 1.13.1 (loaded from /lib64/libucp.so.0)
[1739851849.363073] [cn104:1652133:0]     ucp_context.c:1849 UCX  WARN  UCP API version is incompatible: required >= 1.19, actual 1.13.1 (loaded from /lib64/libucp.so.0)
[1739851849.413000] [cn104:1652138:0]     ucp_context.c:1849 UCX  WARN  UCP API version is incompatible: required >= 1.19, actual 1.13.1 (loaded from /lib64/libucp.so.0)
[1739851848.930781] [cn104:1652131:0]     ucp_context.c:1849 UCX  WARN  UCP API version is incompatible: required >= 1.19, actual 1.13.1 (loaded from /lib64/libucp.so.0)
[1739851849.251101] [cn104:1652149:0]     ucp_context.c:1849 UCX  WARN  UCP API version is incompatible: required >= 1.19, actual 1.13.1 (loaded from /lib64/libucp.so.0)
[1739851849.413002] [cn104:1652148:0]     ucp_context.c:1849 UCX  WARN  UCP API version is incompatible: required >= 1.19, actual 1.13.1 (loaded from /lib64/libucp.so.0)
[1739851849.251264] [cn104:1652123:0]     ucp_context.c:1849 UCX  WARN  UCP API version is incompatible: required >= 1.19, actual 1.13.1 (loaded from /lib64/libucp.so.0)
[1739851849.208976] [cn104:1652155:0]     ucp_context.c:1849 UCX  WARN  UCP API version is incompatible: required >= 1.19, actual 1.13.1 (loaded from /lib64/libucp.so.0)
[1739851849.412566] [cn104:1652130:0]     ucp_context.c:1849 UCX  WARN  UCP API version is incompatible: required >= 1.19, actual 1.13.1 (loaded from /lib64/libucp.so.0)
[1739851849.412822] [cn104:1652132:0]     ucp_context.c:1849 UCX  WARN  UCP API version is incompatible: required >= 1.19, actual 1.13.1 (loaded from /lib64/libucp.so.0)
[1739851849.351921] [cn104:1652127:0]     ucp_context.c:1849 UCX  WARN  UCP API version is incompatible: required >= 1.19, actual 1.13.1 (loaded from /lib64/libucp.so.0)
[1739851849.098220] [cn104:1652085:0]     ucp_context.c:1849 UCX  WARN  UCP API version is incompatible: required >= 1.19, actual 1.13.1 (loaded from /lib64/libucp.so.0)
[1739851849.351893] [cn104:1652125:0]     ucp_context.c:1849 UCX  WARN  UCP API version is incompatible: required >= 1.19, actual 1.13.1 (loaded from /lib64/libucp.so.0)
[1739851849.413878] [cn104:1652128:0]     ucp_context.c:1849 UCX  WARN  UCP API version is incompatible: required >= 1.19, actual 1.13.1 (loaded from /lib64/libucp.so.0)
[1739851849.412511] [cn104:1652114:0]     ucp_context.c:1849 UCX  WARN  UCP API version is incompatible: required >= 1.19, actual 1.13.1 (loaded from /lib64/libucp.so.0)
[1739851849.412797] [cn104:1652118:0]     ucp_context.c:1849 UCX  WARN  UCP API version is incompatible: required >= 1.19, actual 1.13.1 (loaded from /lib64/libucp.so.0)
[1739851849.412525] [cn104:1652120:0]     ucp_context.c:1849 UCX  WARN  UCP API version is incompatible: required >= 1.19, actual 1.13.1 (loaded from /lib64/libucp.so.0)
[1739851849.362906] [cn104:1652121:0]     ucp_context.c:1849 UCX  WARN  UCP API version is incompatible: required >= 1.19, actual 1.13.1 (loaded from /lib64/libucp.so.0)
[1739851849.397866] [cn104:1652141:0]     ucp_context.c:1849 UCX  WARN  UCP API version is incompatible: required >= 1.19, actual 1.13.1 (loaded from /lib64/libucp.so.0)
[1739851849.251491] [cn104:1652113:0]     ucp_context.c:1849 UCX  WARN  UCP API version is incompatible: required >= 1.19, actual 1.13.1 (loaded from /lib64/libucp.so.0)
[1739851849.435933] [cn104:1652112:0]     ucp_context.c:1849 UCX  WARN  UCP API version is incompatible: required >= 1.19, actual 1.13.1 (loaded from /lib64/libucp.so.0)
[1739851849.412781] [cn104:1652116:0]     ucp_context.c:1849 UCX  WARN  UCP API version is incompatible: required >= 1.19, actual 1.13.1 (loaded from /lib64/libucp.so.0)
[1739851849.124076] [cn104:1652199:0]     ucp_context.c:1849 UCX  WARN  UCP API version is incompatible: required >= 1.19, actual 1.13.1 (loaded from /lib64/libucp.so.0)
[1739851849.362879] [cn104:1652109:0]     ucp_context.c:1849 UCX  WARN  UCP API version is incompatible: required >= 1.19, actual 1.13.1 (loaded from /lib64/libucp.so.0)
[1739851849.424219] [cn104:1652110:0]     ucp_context.c:1849 UCX  WARN  UCP API version is incompatible: required >= 1.19, actual 1.13.1 (loaded from /lib64/libucp.so.0)
[1739851849.081366] [cn104:1652117:0]     ucp_context.c:1849 UCX  WARN  UCP API version is incompatible: required >= 1.19, actual 1.13.1 (loaded from /lib64/libucp.so.0)
[1739851849.412989] [cn104:1652124:0]     ucp_context.c:1849 UCX  WARN  UCP API version is incompatible: required >= 1.19, actual 1.13.1 (loaded from /lib64/libucp.so.0)
[1739851849.424252] [cn104:1652106:0]     ucp_context.c:1849 UCX  WARN  UCP API version is incompatible: required >= 1.19, actual 1.13.1 (loaded from /lib64/libucp.so.0)
[1739851849.435913] [cn104:1652104:0]     ucp_context.c:1849 UCX  WARN  UCP API version is incompatible: required >= 1.19, actual 1.13.1 (loaded from /lib64/libucp.so.0)
[1739851849.424268] [cn104:1652108:0]     ucp_context.c:1849 UCX  WARN  UCP API version is incompatible: required >= 1.19, actual 1.13.1 (loaded from /lib64/libucp.so.0)
[1739851849.436135] [cn104:1652102:0]     ucp_context.c:1849 UCX  WARN  UCP API version is incompatible: required >= 1.19, actual 1.13.1 (loaded from /lib64/libucp.so.0)
[1739851849.435895] [cn104:1652096:0]     ucp_context.c:1849 UCX  WARN  UCP API version is incompatible: required >= 1.19, actual 1.13.1 (loaded from /lib64/libucp.so.0)
[1739851849.098222] [cn104:1652105:0]     ucp_context.c:1849 UCX  WARN  UCP API version is incompatible: required >= 1.19, actual 1.13.1 (loaded from /lib64/libucp.so.0)
[1739851849.220756] [cn104:1652107:0]     ucp_context.c:1849 UCX  WARN  UCP API version is incompatible: required >= 1.19, actual 1.13.1 (loaded from /lib64/libucp.so.0)
[1739851849.424197] [cn104:1652090:0]     ucp_context.c:1849 UCX  WARN  UCP API version is incompatible: required >= 1.19, actual 1.13.1 (loaded from /lib64/libucp.so.0)
[1739851849.397890] [cn104:1652200:0]     ucp_context.c:1849 UCX  WARN  UCP API version is incompatible: required >= 1.19, actual 1.13.1 (loaded from /lib64/libucp.so.0)
[1739851849.424108] [cn104:1652086:0]     ucp_context.c:1849 UCX  WARN  UCP API version is incompatible: required >= 1.19, actual 1.13.1 (loaded from /lib64/libucp.so.0)
[1739851849.251049] [cn104:1652101:0]     ucp_context.c:1849 UCX  WARN  UCP API version is incompatible: required >= 1.19, actual 1.13.1 (loaded from /lib64/libucp.so.0)
[1739851849.250863] [cn104:1652083:0]     ucp_context.c:1849 UCX  WARN  UCP API version is incompatible: required >= 1.19, actual 1.13.1 (loaded from /lib64/libucp.so.0)
[1739851849.424097] [cn104:1652084:0]     ucp_context.c:1849 UCX  WARN  UCP API version is incompatible: required >= 1.19, actual 1.13.1 (loaded from /lib64/libucp.so.0)
[1739851849.123821] [cn104:1652087:0]     ucp_context.c:1849 UCX  WARN  UCP API version is incompatible: required >= 1.19, actual 1.13.1 (loaded from /lib64/libucp.so.0)
[1739851849.176806] [cn104:1652089:0]     ucp_context.c:1849 UCX  WARN  UCP API version is incompatible: required >= 1.19, actual 1.13.1 (loaded from /lib64/libucp.so.0)
[1739851849.424101] [cn104:1652082:0]     ucp_context.c:1849 UCX  WARN  UCP API version is incompatible: required >= 1.19, actual 1.13.1 (loaded from /lib64/libucp.so.0)
[1739851849.098219] [cn104:1652099:0]     ucp_context.c:1849 UCX  WARN  UCP API version is incompatible: required >= 1.19, actual 1.13.1 (loaded from /lib64/libucp.so.0)
[1739851849.435886] [cn104:1652080:0]     ucp_context.c:1849 UCX  WARN  UCP API version is incompatible: required >= 1.19, actual 1.13.1 (loaded from /lib64/libucp.so.0)
Charm++> Running in non-SMP mode: 128 processes (PEs)
Converse/Charm++ Commit ID: v7.1.0-devel-351-g2f85b0706
Charm++ built with internal error checking enabled.
Do not use for performance benchmarking (build without --enable-error-checking to do so).
[1739851849.123978] [cn104:1652097:0]     ucp_context.c:1849 UCX  WARN  UCP API version is incompatible: required >= 1.19, actual 1.13.1 (loaded from /lib64/libucp.so.0)
[1739851849.251258] [cn104:1652103:0]     ucp_context.c:1849 UCX  WARN  UCP API version is incompatible: required >= 1.19, actual 1.13.1 (loaded from /lib64/libucp.so.0)
[1739851849.412935] [cn104:1652204:0]     ucp_context.c:1849 UCX  WARN  UCP API version is incompatible: required >= 1.19, actual 1.13.1 (loaded from /lib64/libucp.so.0)
[1739851849.397972] [cn104:1652206:0]     ucp_context.c:1849 UCX  WARN  UCP API version is incompatible: required >= 1.19, actual 1.13.1 (loaded from /lib64/libucp.so.0)
[1739851849.208973] [cn104:1652201:0]     ucp_context.c:1849 UCX  WARN  UCP API version is incompatible: required >= 1.19, actual 1.13.1 (loaded from /lib64/libucp.so.0)
[1739851849.413085] [cn104:1652202:0]     ucp_context.c:1849 UCX  WARN  UCP API version is incompatible: required >= 1.19, actual 1.13.1 (loaded from /lib64/libucp.so.0)
[1739851849.398374] [cn104:1652203:0]     ucp_context.c:1849 UCX  WARN  UCP API version is incompatible: required >= 1.19, actual 1.13.1 (loaded from /lib64/libucp.so.0)
[1739851849.363103] [cn104:1652205:0]     ucp_context.c:1849 UCX  WARN  UCP API version is incompatible: required >= 1.19, actual 1.13.1 (loaded from /lib64/libucp.so.0)
[1739851849.251740] [cn104:1652207:0]     ucp_context.c:1849 UCX  WARN  UCP API version is incompatible: required >= 1.19, actual 1.13.1 (loaded from /lib64/libucp.so.0)
Isomalloc> Synchronized global address space.
CharmLB> Load balancer assumes all CPUs are same.
Charm++> Running on 1 hosts (2 sockets x 64 cores x 1 PUs = 128-way SMP)
Charm++> cpu topology info is gathered in 0.113 seconds.
CharmLB> Load balancing instrumentation for communication is off.
Run ID: 2326476, Num PEs: 128, each stage will have 256 chares. Total num records: 56250000, per prod: 219726
All readers have received their inputs, beginning work, input generation took 13.711930
slurmstepd: error: Detected 1 oom_kill event in StepId=6954893.0. Some of the step tasks have been OOM Killed.
srun: error: cn104: task 125: Out Of Memory
------------- Processor 126 Exiting: Called CmiAbort ------------
Reason: [126] Assertion "!(((uintptr_t)(req)) >= ((uintptr_t)UCS_ERR_LAST))" failed in file /u/yanniz3/charm-stream/src/arch/ucx/machine.C line 576.

[126] Stack Traceback:
  [126:0] streamtest-2326476 0x7493e0 CmiAsyncBroadcastFn
  [126:1] streamtest-2326476 0x71b77f 
  [126:2] streamtest-2326476 0x749fb4 
  [126:3] streamtest-2326476 0x74d6e4 
  [126:4] libucp.so.0 0x7fc132804f06 ucp_eager_only_handler
  [126:5] libuct.so.0 0x7fc1325710fc 
  [126:6] libucp.so.0 0x7fc1327d5aea ucp_worker_progress
  [126:7] streamtest-2326476 0x74c23d LrtsAdvanceCommunication(int)
  [126:8] streamtest-2326476 0x74c42f CmiGetNonLocal
  [126:9] streamtest-2326476 0x7188ad CsdNextMessage
  [126:10] streamtest-2326476 0x718981 CsdScheduleForever
  [126:11] streamtest-2326476 0x718f25 CsdScheduler
  [126:12] streamtest-2326476 0x74cdaa ConverseInit
  [126:13] streamtest-2326476 0x6ab0f7 charm_main
  [126:14] libc.so.6 0x7fc130d74d85 __libc_start_main
  [126:15] streamtest-2326476 0x59047e _start
[124] Stack Traceback:
------------- Processor 124 Exiting: Called CmiAbort ------------
Reason: [124] Assertion "!(((uintptr_t)(req)) >= ((uintptr_t)UCS_ERR_LAST))" failed in file /u/yanniz3/charm-stream/src/arch/ucx/machine.C line 576.

  [124:0] streamtest-2326476 0x7493e0 CmiAsyncBroadcastFn
  [124:1] streamtest-2326476 0x71b77f 
  [124:2] streamtest-2326476 0x749fb4 
  [124:3] streamtest-2326476 0x74d6e4 
  [124:4] libucp.so.0 0x7f6c339c3f06 ucp_eager_only_handler
  [124:5] libuct.so.0 0x7f6c337300fc 
  [124:6] libucp.so.0 0x7f6c33994aea ucp_worker_progress
  [124:7] streamtest-2326476 0x74c23d LrtsAdvanceCommunication(int)
  [124:8] streamtest-2326476 0x74c42f CmiGetNonLocal
  [124:9] streamtest-2326476 0x7188ad CsdNextMessage
  [124:10] streamtest-2326476 0x718981 CsdScheduleForever
  [124:11] streamtest-2326476 0x718f25 CsdScheduler
  [124:12] streamtest-2326476 0x74cdaa ConverseInit
  [124:13] streamtest-2326476 0x6ab0f7 charm_main
  [124:14] libc.so.6 0x7f6c31f33d85 __libc_start_main
  [124:15] streamtest-2326476 0x59047e _start
slurmstepd: error: *** STEP 6954893.0 ON cn104 CANCELLED AT 2025-02-17T22:20:49 DUE TO TIME LIMIT ***
slurmstepd: error: *** JOB 6954893 ON cn104 CANCELLED AT 2025-02-17T22:20:49 DUE TO TIME LIMIT ***
srun: Job step aborted: Waiting up to 32 seconds for job step to finish.
