Running job on 1 nodes with 128 PEs

Running as 128 OS processes: ./streamtest-8399957
charmrun> srun --mpi=pmi2 -n 128 ./streamtest-8399957
[1739951941.732021] [cn072:2936312:0]     ucp_context.c:1849 UCX  WARN  UCP API version is incompatible: required >= 1.19, actual 1.13.1 (loaded from /lib64/libucp.so.0)
[1739951941.834353] [cn072:2936281:0]     ucp_context.c:1849 UCX  WARN  UCP API version is incompatible: required >= 1.19, actual 1.13.1 (loaded from /lib64/libucp.so.0)
[1739951941.666112] [cn072:2936384:0]     ucp_context.c:1849 UCX  WARN  UCP API version is incompatible: required >= 1.19, actual 1.13.1 (loaded from /lib64/libucp.so.0)
[1739951941.806957] [cn072:2936333:0]     ucp_context.c:1849 UCX  WARN  UCP API version is incompatible: required >= 1.19, actual 1.13.1 (loaded from /lib64/libucp.so.0)
[1739951941.834795] [cn072:2936327:0]     ucp_context.c:1849 UCX  WARN  UCP API version is incompatible: required >= 1.19, actual 1.13.1 (loaded from /lib64/libucp.so.0)
[1739951941.834107] [cn072:2936311:0]     ucp_context.c:1849 UCX  WARN  UCP API version is incompatible: required >= 1.19, actual 1.13.1 (loaded from /lib64/libucp.so.0)
[1739951941.834784] [cn072:2936313:0]     ucp_context.c:1849 UCX  WARN  UCP API version is incompatible: required >= 1.19, actual 1.13.1 (loaded from /lib64/libucp.so.0)
[1739951941.731926] [cn072:2936302:0]     ucp_context.c:1849 UCX  WARN  UCP API version is incompatible: required >= 1.19, actual 1.13.1 (loaded from /lib64/libucp.so.0)
[1739951941.818079] [cn072:2936301:0]     ucp_context.c:1849 UCX  WARN  UCP API version is incompatible: required >= 1.19, actual 1.13.1 (loaded from /lib64/libucp.so.0)
[1739951941.753653] [cn072:2936286:0]     ucp_context.c:1849 UCX  WARN  UCP API version is incompatible: required >= 1.19, actual 1.13.1 (loaded from /lib64/libucp.so.0)
[1739951941.834343] [cn072:2936277:0]     ucp_context.c:1849 UCX  WARN  UCP API version is incompatible: required >= 1.19, actual 1.13.1 (loaded from /lib64/libucp.so.0)
[1739951941.666100] [cn072:2936282:0]     ucp_context.c:1849 UCX  WARN  UCP API version is incompatible: required >= 1.19, actual 1.13.1 (loaded from /lib64/libucp.so.0)
[1739951941.732647] [cn072:2936274:0]     ucp_context.c:1849 UCX  WARN  UCP API version is incompatible: required >= 1.19, actual 1.13.1 (loaded from /lib64/libucp.so.0)
[1739951941.755001] [cn072:2936390:0]     ucp_context.c:1849 UCX  WARN  UCP API version is incompatible: required >= 1.19, actual 1.13.1 (loaded from /lib64/libucp.so.0)
[1739951941.834410] [cn072:2936379:0]     ucp_context.c:1849 UCX  WARN  UCP API version is incompatible: required >= 1.19, actual 1.13.1 (loaded from /lib64/libucp.so.0)
[1739951941.818517] [cn072:2936387:0]     ucp_context.c:1849 UCX  WARN  UCP API version is incompatible: required >= 1.19, actual 1.13.1 (loaded from /lib64/libucp.so.0)
[1739951941.754947] [cn072:2936386:0]     ucp_context.c:1849 UCX  WARN  UCP API version is incompatible: required >= 1.19, actual 1.13.1 (loaded from /lib64/libucp.so.0)
[1739951941.818354] [cn072:2936381:0]     ucp_context.c:1849 UCX  WARN  UCP API version is incompatible: required >= 1.19, actual 1.13.1 (loaded from /lib64/libucp.so.0)
[1739951941.818608] [cn072:2936385:0]     ucp_context.c:1849 UCX  WARN  UCP API version is incompatible: required >= 1.19, actual 1.13.1 (loaded from /lib64/libucp.so.0)
[1739951941.755031] [cn072:2936378:0]     ucp_context.c:1849 UCX  WARN  UCP API version is incompatible: required >= 1.19, actual 1.13.1 (loaded from /lib64/libucp.so.0)
[1739951941.754837] [cn072:2936382:0]     ucp_context.c:1849 UCX  WARN  UCP API version is incompatible: required >= 1.19, actual 1.13.1 (loaded from /lib64/libucp.so.0)
[1739951941.818657] [cn072:2936383:0]     ucp_context.c:1849 UCX  WARN  UCP API version is incompatible: required >= 1.19, actual 1.13.1 (loaded from /lib64/libucp.so.0)
[1739951941.834303] [cn072:2936391:0]     ucp_context.c:1849 UCX  WARN  UCP API version is incompatible: required >= 1.19, actual 1.13.1 (loaded from /lib64/libucp.so.0)
[1739951941.807382] [cn072:2936380:0]     ucp_context.c:1849 UCX  WARN  UCP API version is incompatible: required >= 1.19, actual 1.13.1 (loaded from /lib64/libucp.so.0)
[1739951941.807152] [cn072:2936373:0]     ucp_context.c:1849 UCX  WARN  UCP API version is incompatible: required >= 1.19, actual 1.13.1 (loaded from /lib64/libucp.so.0)
[1739951941.806900] [cn072:2936377:0]     ucp_context.c:1849 UCX  WARN  UCP API version is incompatible: required >= 1.19, actual 1.13.1 (loaded from /lib64/libucp.so.0)
[1739951941.731977] [cn072:2936366:0]     ucp_context.c:1849 UCX  WARN  UCP API version is incompatible: required >= 1.19, actual 1.13.1 (loaded from /lib64/libucp.so.0)
[1739951941.666066] [cn072:2936374:0]     ucp_context.c:1849 UCX  WARN  UCP API version is incompatible: required >= 1.19, actual 1.13.1 (loaded from /lib64/libucp.so.0)
[1739951941.807042] [cn072:2936375:0]     ucp_context.c:1849 UCX  WARN  UCP API version is incompatible: required >= 1.19, actual 1.13.1 (loaded from /lib64/libucp.so.0)
[1739951941.754936] [cn072:2936364:0]     ucp_context.c:1849 UCX  WARN  UCP API version is incompatible: required >= 1.19, actual 1.13.1 (loaded from /lib64/libucp.so.0)
[1739951941.817593] [cn072:2936369:0]     ucp_context.c:1849 UCX  WARN  UCP API version is incompatible: required >= 1.19, actual 1.13.1 (loaded from /lib64/libucp.so.0)
[1739951941.754946] [cn072:2936368:0]     ucp_context.c:1849 UCX  WARN  UCP API version is incompatible: required >= 1.19, actual 1.13.1 (loaded from /lib64/libucp.so.0)
[1739951941.806997] [cn072:2936367:0]     ucp_context.c:1849 UCX  WARN  UCP API version is incompatible: required >= 1.19, actual 1.13.1 (loaded from /lib64/libucp.so.0)
[1739951941.818281] [cn072:2936372:0]     ucp_context.c:1849 UCX  WARN  UCP API version is incompatible: required >= 1.19, actual 1.13.1 (loaded from /lib64/libucp.so.0)
[1739951941.818271] [cn072:2936363:0]     ucp_context.c:1849 UCX  WARN  UCP API version is incompatible: required >= 1.19, actual 1.13.1 (loaded from /lib64/libucp.so.0)
[1739951941.807110] [cn072:2936365:0]     ucp_context.c:1849 UCX  WARN  UCP API version is incompatible: required >= 1.19, actual 1.13.1 (loaded from /lib64/libucp.so.0)
[1739951941.817943] [cn072:2936371:0]     ucp_context.c:1849 UCX  WARN  UCP API version is incompatible: required >= 1.19, actual 1.13.1 (loaded from /lib64/libucp.so.0)
[1739951941.818480] [cn072:2936355:0]     ucp_context.c:1849 UCX  WARN  UCP API version is incompatible: required >= 1.19, actual 1.13.1 (loaded from /lib64/libucp.so.0)
[1739951941.806788] [cn072:2936360:0]     ucp_context.c:1849 UCX  WARN  UCP API version is incompatible: required >= 1.19, actual 1.13.1 (loaded from /lib64/libucp.so.0)
[1739951941.807092] [cn072:2936361:0]     ucp_context.c:1849 UCX  WARN  UCP API version is incompatible: required >= 1.19, actual 1.13.1 (loaded from /lib64/libucp.so.0)
[1739951941.754920] [cn072:2936362:0]     ucp_context.c:1849 UCX  WARN  UCP API version is incompatible: required >= 1.19, actual 1.13.1 (loaded from /lib64/libucp.so.0)
[1739951941.666066] [cn072:2936370:0]     ucp_context.c:1849 UCX  WARN  UCP API version is incompatible: required >= 1.19, actual 1.13.1 (loaded from /lib64/libucp.so.0)
[1739951941.666073] [cn072:2936376:0]     ucp_context.c:1849 UCX  WARN  UCP API version is incompatible: required >= 1.19, actual 1.13.1 (loaded from /lib64/libucp.so.0)
[1739951941.807001] [cn072:2936357:0]     ucp_context.c:1849 UCX  WARN  UCP API version is incompatible: required >= 1.19, actual 1.13.1 (loaded from /lib64/libucp.so.0)
[1739951941.754794] [cn072:2936358:0]     ucp_context.c:1849 UCX  WARN  UCP API version is incompatible: required >= 1.19, actual 1.13.1 (loaded from /lib64/libucp.so.0)
[1739951941.834291] [cn072:2936359:0]     ucp_context.c:1849 UCX  WARN  UCP API version is incompatible: required >= 1.19, actual 1.13.1 (loaded from /lib64/libucp.so.0)
[1739951941.753713] [cn072:2936356:0]     ucp_context.c:1849 UCX  WARN  UCP API version is incompatible: required >= 1.19, actual 1.13.1 (loaded from /lib64/libucp.so.0)
[1739951941.754909] [cn072:2936314:0]     ucp_context.c:1849 UCX  WARN  UCP API version is incompatible: required >= 1.19, actual 1.13.1 (loaded from /lib64/libucp.so.0)
[1739951941.806774] [cn072:2936350:0]     ucp_context.c:1849 UCX  WARN  UCP API version is incompatible: required >= 1.19, actual 1.13.1 (loaded from /lib64/libucp.so.0)
[1739951941.834139] [cn072:2936353:0]     ucp_context.c:1849 UCX  WARN  UCP API version is incompatible: required >= 1.19, actual 1.13.1 (loaded from /lib64/libucp.so.0)
[1739951941.754646] [cn072:2936354:0]     ucp_context.c:1849 UCX  WARN  UCP API version is incompatible: required >= 1.19, actual 1.13.1 (loaded from /lib64/libucp.so.0)
[1739951941.818573] [cn072:2936351:0]     ucp_context.c:1849 UCX  WARN  UCP API version is incompatible: required >= 1.19, actual 1.13.1 (loaded from /lib64/libucp.so.0)
[1739951941.754627] [cn072:2936352:0]     ucp_context.c:1849 UCX  WARN  UCP API version is incompatible: required >= 1.19, actual 1.13.1 (loaded from /lib64/libucp.so.0)
[1739951941.807069] [cn072:2936346:0]     ucp_context.c:1849 UCX  WARN  UCP API version is incompatible: required >= 1.19, actual 1.13.1 (loaded from /lib64/libucp.so.0)
[1739951941.818554] [cn072:2936347:0]     ucp_context.c:1849 UCX  WARN  UCP API version is incompatible: required >= 1.19, actual 1.13.1 (loaded from /lib64/libucp.so.0)
[1739951941.807080] [cn072:2936348:0]     ucp_context.c:1849 UCX  WARN  UCP API version is incompatible: required >= 1.19, actual 1.13.1 (loaded from /lib64/libucp.so.0)
[1739951941.818467] [cn072:2936349:0]     ucp_context.c:1849 UCX  WARN  UCP API version is incompatible: required >= 1.19, actual 1.13.1 (loaded from /lib64/libucp.so.0)
[1739951941.806740] [cn072:2936344:0]     ucp_context.c:1849 UCX  WARN  UCP API version is incompatible: required >= 1.19, actual 1.13.1 (loaded from /lib64/libucp.so.0)
[1739951941.818422] [cn072:2936345:0]     ucp_context.c:1849 UCX  WARN  UCP API version is incompatible: required >= 1.19, actual 1.13.1 (loaded from /lib64/libucp.so.0)
[1739951941.754795] [cn072:2936342:0]     ucp_context.c:1849 UCX  WARN  UCP API version is incompatible: required >= 1.19, actual 1.13.1 (loaded from /lib64/libucp.so.0)
[1739951941.818150] [cn072:2936343:0]     ucp_context.c:1849 UCX  WARN  UCP API version is incompatible: required >= 1.19, actual 1.13.1 (loaded from /lib64/libucp.so.0)
[1739951941.817832] [cn072:2936339:0]     ucp_context.c:1849 UCX  WARN  UCP API version is incompatible: required >= 1.19, actual 1.13.1 (loaded from /lib64/libucp.so.0)
[1739951941.754401] [cn072:2936340:0]     ucp_context.c:1849 UCX  WARN  UCP API version is incompatible: required >= 1.19, actual 1.13.1 (loaded from /lib64/libucp.so.0)
[1739951941.818410] [cn072:2936341:0]     ucp_context.c:1849 UCX  WARN  UCP API version is incompatible: required >= 1.19, actual 1.13.1 (loaded from /lib64/libucp.so.0)
[1739951941.753624] [cn072:2936320:0]     ucp_context.c:1849 UCX  WARN  UCP API version is incompatible: required >= 1.19, actual 1.13.1 (loaded from /lib64/libucp.so.0)
[1739951941.818402] [cn072:2936337:0]     ucp_context.c:1849 UCX  WARN  UCP API version is incompatible: required >= 1.19, actual 1.13.1 (loaded from /lib64/libucp.so.0)
[1739951941.817820] [cn072:2936335:0]     ucp_context.c:1849 UCX  WARN  UCP API version is incompatible: required >= 1.19, actual 1.13.1 (loaded from /lib64/libucp.so.0)
[1739951941.754768] [cn072:2936338:0]     ucp_context.c:1849 UCX  WARN  UCP API version is incompatible: required >= 1.19, actual 1.13.1 (loaded from /lib64/libucp.so.0)
[1739951941.732133] [cn072:2936318:0]     ucp_context.c:1849 UCX  WARN  UCP API version is incompatible: required >= 1.19, actual 1.13.1 (loaded from /lib64/libucp.so.0)
[1739951941.818382] [cn072:2936331:0]     ucp_context.c:1849 UCX  WARN  UCP API version is incompatible: required >= 1.19, actual 1.13.1 (loaded from /lib64/libucp.so.0)
[1739951941.754599] [cn072:2936336:0]     ucp_context.c:1849 UCX  WARN  UCP API version is incompatible: required >= 1.19, actual 1.13.1 (loaded from /lib64/libucp.so.0)
[1739951941.754903] [cn072:2936332:0]     ucp_context.c:1849 UCX  WARN  UCP API version is incompatible: required >= 1.19, actual 1.13.1 (loaded from /lib64/libucp.so.0)
[1739951941.806535] [cn072:2936334:0]     ucp_context.c:1849 UCX  WARN  UCP API version is incompatible: required >= 1.19, actual 1.13.1 (loaded from /lib64/libucp.so.0)
[1739951941.694470] [cn072:2936328:0]     ucp_context.c:1849 UCX  WARN  UCP API version is incompatible: required >= 1.19, actual 1.13.1 (loaded from /lib64/libucp.so.0)
[1739951941.834795] [cn072:2936329:0]     ucp_context.c:1849 UCX  WARN  UCP API version is incompatible: required >= 1.19, actual 1.13.1 (loaded from /lib64/libucp.so.0)
[1739951941.835190] [cn072:2936315:0]     ucp_context.c:1849 UCX  WARN  UCP API version is incompatible: required >= 1.19, actual 1.13.1 (loaded from /lib64/libucp.so.0)
[1739951941.754264] [cn072:2936392:0]     ucp_context.c:1849 UCX  WARN  UCP API version is incompatible: required >= 1.19, actual 1.13.1 (loaded from /lib64/libucp.so.0)
[1739951941.732049] [cn072:2936330:0]     ucp_context.c:1849 UCX  WARN  UCP API version is incompatible: required >= 1.19, actual 1.13.1 (loaded from /lib64/libucp.so.0)
[1739951941.753817] [cn072:2936316:0]     ucp_context.c:1849 UCX  WARN  UCP API version is incompatible: required >= 1.19, actual 1.13.1 (loaded from /lib64/libucp.so.0)
[1739951941.834115] [cn072:2936323:0]     ucp_context.c:1849 UCX  WARN  UCP API version is incompatible: required >= 1.19, actual 1.13.1 (loaded from /lib64/libucp.so.0)
[1739951941.666130] [cn072:2936324:0]     ucp_context.c:1849 UCX  WARN  UCP API version is incompatible: required >= 1.19, actual 1.13.1 (loaded from /lib64/libucp.so.0)
[1739951941.834132] [cn072:2936325:0]     ucp_context.c:1849 UCX  WARN  UCP API version is incompatible: required >= 1.19, actual 1.13.1 (loaded from /lib64/libucp.so.0)
[1739951941.753790] [cn072:2936326:0]     ucp_context.c:1849 UCX  WARN  UCP API version is incompatible: required >= 1.19, actual 1.13.1 (loaded from /lib64/libucp.so.0)
[1739951941.753685] [cn072:2936308:0]     ucp_context.c:1849 UCX  WARN  UCP API version is incompatible: required >= 1.19, actual 1.13.1 (loaded from /lib64/libucp.so.0)
[1739951941.834672] [cn072:2936321:0]     ucp_context.c:1849 UCX  WARN  UCP API version is incompatible: required >= 1.19, actual 1.13.1 (loaded from /lib64/libucp.so.0)
[1739951941.834269] [cn072:2936319:0]     ucp_context.c:1849 UCX  WARN  UCP API version is incompatible: required >= 1.19, actual 1.13.1 (loaded from /lib64/libucp.so.0)
[1739951941.732171] [cn072:2936322:0]     ucp_context.c:1849 UCX  WARN  UCP API version is incompatible: required >= 1.19, actual 1.13.1 (loaded from /lib64/libucp.so.0)
[1739951941.754842] [cn072:2936388:0]     ucp_context.c:1849 UCX  WARN  UCP API version is incompatible: required >= 1.19, actual 1.13.1 (loaded from /lib64/libucp.so.0)
[1739951941.651064] [cn072:2936310:0]     ucp_context.c:1849 UCX  WARN  UCP API version is incompatible: required >= 1.19, actual 1.13.1 (loaded from /lib64/libucp.so.0)
[1739951941.818433] [cn072:2936317:0]     ucp_context.c:1849 UCX  WARN  UCP API version is incompatible: required >= 1.19, actual 1.13.1 (loaded from /lib64/libucp.so.0)
[1739951941.694439] [cn072:2936306:0]     ucp_context.c:1849 UCX  WARN  UCP API version is incompatible: required >= 1.19, actual 1.13.1 (loaded from /lib64/libucp.so.0)
[1739951941.818078] [cn072:2936303:0]     ucp_context.c:1849 UCX  WARN  UCP API version is incompatible: required >= 1.19, actual 1.13.1 (loaded from /lib64/libucp.so.0)
[1739951941.834459] [cn072:2936299:0]     ucp_context.c:1849 UCX  WARN  UCP API version is incompatible: required >= 1.19, actual 1.13.1 (loaded from /lib64/libucp.so.0)
[1739951941.818085] [cn072:2936309:0]     ucp_context.c:1849 UCX  WARN  UCP API version is incompatible: required >= 1.19, actual 1.13.1 (loaded from /lib64/libucp.so.0)
[1739951941.835124] [cn072:2936307:0]     ucp_context.c:1849 UCX  WARN  UCP API version is incompatible: required >= 1.19, actual 1.13.1 (loaded from /lib64/libucp.so.0)
[1739951941.732082] [cn072:2936304:0]     ucp_context.c:1849 UCX  WARN  UCP API version is incompatible: required >= 1.19, actual 1.13.1 (loaded from /lib64/libucp.so.0)
[1739951941.818343] [cn072:2936305:0]     ucp_context.c:1849 UCX  WARN  UCP API version is incompatible: required >= 1.19, actual 1.13.1 (loaded from /lib64/libucp.so.0)
[1739951941.449782] [cn072:2936270:0]     ucp_context.c:1849 UCX  WARN  UCP API version is incompatible: required >= 1.19, actual 1.13.1 (loaded from /lib64/libucp.so.0)
[1739951941.834710] [cn072:2936293:0]     ucp_context.c:1849 UCX  WARN  UCP API version is incompatible: required >= 1.19, actual 1.13.1 (loaded from /lib64/libucp.so.0)
[1739951941.835469] [cn072:2936297:0]     ucp_context.c:1849 UCX  WARN  UCP API version is incompatible: required >= 1.19, actual 1.13.1 (loaded from /lib64/libucp.so.0)
[1739951941.732006] [cn072:2936298:0]     ucp_context.c:1849 UCX  WARN  UCP API version is incompatible: required >= 1.19, actual 1.13.1 (loaded from /lib64/libucp.so.0)
[1739951941.834302] [cn072:2936389:0]     ucp_context.c:1849 UCX  WARN  UCP API version is incompatible: required >= 1.19, actual 1.13.1 (loaded from /lib64/libucp.so.0)
[1739951941.834834] [cn072:2936295:0]     ucp_context.c:1849 UCX  WARN  UCP API version is incompatible: required >= 1.19, actual 1.13.1 (loaded from /lib64/libucp.so.0)
[1739951941.754531] [cn072:2936296:0]     ucp_context.c:1849 UCX  WARN  UCP API version is incompatible: required >= 1.19, actual 1.13.1 (loaded from /lib64/libucp.so.0)
[1739951941.753802] [cn072:2936290:0]     ucp_context.c:1849 UCX  WARN  UCP API version is incompatible: required >= 1.19, actual 1.13.1 (loaded from /lib64/libucp.so.0)
[1739951941.732080] [cn072:2936292:0]     ucp_context.c:1849 UCX  WARN  UCP API version is incompatible: required >= 1.19, actual 1.13.1 (loaded from /lib64/libucp.so.0)
[1739951941.753665] [cn072:2936294:0]     ucp_context.c:1849 UCX  WARN  UCP API version is incompatible: required >= 1.19, actual 1.13.1 (loaded from /lib64/libucp.so.0)
[1739951941.818077] [cn072:2936291:0]     ucp_context.c:1849 UCX  WARN  UCP API version is incompatible: required >= 1.19, actual 1.13.1 (loaded from /lib64/libucp.so.0)
[1739951941.835676] [cn072:2936287:0]     ucp_context.c:1849 UCX  WARN  UCP API version is incompatible: required >= 1.19, actual 1.13.1 (loaded from /lib64/libucp.so.0)
[1739951941.835237] [cn072:2936289:0]     ucp_context.c:1849 UCX  WARN  UCP API version is incompatible: required >= 1.19, actual 1.13.1 (loaded from /lib64/libucp.so.0)
[1739951941.834371] [cn072:2936285:0]     ucp_context.c:1849 UCX  WARN  UCP API version is incompatible: required >= 1.19, actual 1.13.1 (loaded from /lib64/libucp.so.0)
[1739951941.754518] [cn072:2936288:0]     ucp_context.c:1849 UCX  WARN  UCP API version is incompatible: required >= 1.19, actual 1.13.1 (loaded from /lib64/libucp.so.0)
[1739951941.834766] [cn072:2936283:0]     ucp_context.c:1849 UCX  WARN  UCP API version is incompatible: required >= 1.19, actual 1.13.1 (loaded from /lib64/libucp.so.0)
[1739951941.754728] [cn072:2936284:0]     ucp_context.c:1849 UCX  WARN  UCP API version is incompatible: required >= 1.19, actual 1.13.1 (loaded from /lib64/libucp.so.0)
[1739951941.753539] [cn072:2936280:0]     ucp_context.c:1849 UCX  WARN  UCP API version is incompatible: required >= 1.19, actual 1.13.1 (loaded from /lib64/libucp.so.0)
[1739951941.806715] [cn072:2936269:0]     ucp_context.c:1849 UCX  WARN  UCP API version is incompatible: required >= 1.19, actual 1.13.1 (loaded from /lib64/libucp.so.0)
[1739951941.753442] [cn072:2936278:0]     ucp_context.c:1849 UCX  WARN  UCP API version is incompatible: required >= 1.19, actual 1.13.1 (loaded from /lib64/libucp.so.0)
[1739951941.834446] [cn072:2936279:0]     ucp_context.c:1849 UCX  WARN  UCP API version is incompatible: required >= 1.19, actual 1.13.1 (loaded from /lib64/libucp.so.0)
[1739951941.754535] [cn072:2936300:0]     ucp_context.c:1849 UCX  WARN  UCP API version is incompatible: required >= 1.19, actual 1.13.1 (loaded from /lib64/libucp.so.0)
[1739951941.806700] [cn072:2936276:0]     ucp_context.c:1849 UCX  WARN  UCP API version is incompatible: required >= 1.19, actual 1.13.1 (loaded from /lib64/libucp.so.0)
[1739951941.835342] [cn072:2936275:0]     ucp_context.c:1849 UCX  WARN  UCP API version is incompatible: required >= 1.19, actual 1.13.1 (loaded from /lib64/libucp.so.0)
[1739951941.732626] [cn072:2936268:0]     ucp_context.c:1849 UCX  WARN  UCP API version is incompatible: required >= 1.19, actual 1.13.1 (loaded from /lib64/libucp.so.0)
[1739951941.817993] [cn072:2936267:0]     ucp_context.c:1849 UCX  WARN  UCP API version is incompatible: required >= 1.19, actual 1.13.1 (loaded from /lib64/libucp.so.0)
Charm++> Running in non-SMP mode: 128 processes (PEs)
Converse/Charm++ Commit ID: v7.1.0-devel-351-g2f85b0706
Charm++ built with internal error checking enabled.
Do not use for performance benchmarking (build without --enable-error-checking to do so).
[1739951941.650795] [cn072:2936272:0]     ucp_context.c:1849 UCX  WARN  UCP API version is incompatible: required >= 1.19, actual 1.13.1 (loaded from /lib64/libucp.so.0)
[1739951941.834328] [cn072:2936273:0]     ucp_context.c:1849 UCX  WARN  UCP API version is incompatible: required >= 1.19, actual 1.13.1 (loaded from /lib64/libucp.so.0)
[1739951941.834772] [cn072:2936271:0]     ucp_context.c:1849 UCX  WARN  UCP API version is incompatible: required >= 1.19, actual 1.13.1 (loaded from /lib64/libucp.so.0)
[1739951941.628807] [cn072:2936394:0]     ucp_context.c:1849 UCX  WARN  UCP API version is incompatible: required >= 1.19, actual 1.13.1 (loaded from /lib64/libucp.so.0)
[1739951941.834403] [cn072:2936393:0]     ucp_context.c:1849 UCX  WARN  UCP API version is incompatible: required >= 1.19, actual 1.13.1 (loaded from /lib64/libucp.so.0)
Isomalloc> Synchronized global address space.
CharmLB> Load balancer assumes all CPUs are same.
Charm++> Running on 1 hosts (2 sockets x 64 cores x 1 PUs = 128-way SMP)
Charm++> cpu topology info is gathered in 0.123 seconds.
CharmLB> Load balancing instrumentation for communication is off.
Run ID: 8399957, Num PEs: 128, each stage will have 256 chares. Total num records: 56250000, per prod: 219726
All readers have received their inputs, beginning work, input generation took 13.697356
slurmstepd: error: Detected 1 oom_kill event in StepId=6969926.0. Some of the step tasks have been OOM Killed.
srun: error: cn072: task 108: Out Of Memory
------------- Processor 107 Exiting: Called CmiAbort ------------
Reason: [107] Assertion "!(((uintptr_t)(req)) >= ((uintptr_t)UCS_ERR_LAST))" failed in file /u/yanniz3/charm-stream/src/arch/ucx/machine.C line 576.

[107] Stack Traceback:
  [107:0] streamtest-8399957 0x749500 CmiAsyncBroadcastFn
  [107:1] streamtest-8399957 0x71b89f 
  [107:2] streamtest-8399957 0x74a0d4 
  [107:3] streamtest-8399957 0x74d804 
  [107:4] libucp.so.0 0x7f47bb58ef06 ucp_eager_only_handler
  [107:5] libuct.so.0 0x7f47bb2fb0fc 
  [107:6] libucp.so.0 0x7f47bb55faea ucp_worker_progress
  [107:7] streamtest-8399957 0x74c35d LrtsAdvanceCommunication(int)
  [107:8] streamtest-8399957 0x74c54f CmiGetNonLocal
  [107:9] streamtest-8399957 0x7189cd CsdNextMessage
  [107:10] streamtest-8399957 0x718aa1 CsdScheduleForever
  [107:11] streamtest-8399957 0x719045 CsdScheduler
  [107:12] streamtest-8399957 0x74ceca ConverseInit
  [107:13] streamtest-8399957 0x6ab217 charm_main
  [107:14] libc.so.6 0x7f47b9afed85 __libc_start_main
  [107:15] streamtest-8399957 0x5904de _start
slurmstepd: error: *** STEP 6969926.0 ON cn072 CANCELLED AT 2025-02-19T02:09:00 DUE TO TIME LIMIT ***
slurmstepd: error: *** JOB 6969926 ON cn072 CANCELLED AT 2025-02-19T02:09:00 DUE TO TIME LIMIT ***
srun: Job step aborted: Waiting up to 32 seconds for job step to finish.
