Running job on 1 nodes with 128 PEs

Running as 128 OS processes: ./streamtest-6294838
charmrun> /usr/bin/setarch x86_64 -R mpirun -np 128 ./streamtest-6294838
[cn061.delta.ncsa.illinois.edu:3506213] mca: base: components_register: registering framework ras components
[cn061.delta.ncsa.illinois.edu:3506213] mca: base: components_register: found loaded component simulator
[cn061.delta.ncsa.illinois.edu:3506213] mca: base: components_register: component simulator register function successful
[cn061.delta.ncsa.illinois.edu:3506213] mca: base: components_register: found loaded component slurm
[cn061.delta.ncsa.illinois.edu:3506213] mca: base: components_register: component slurm register function successful
[cn061.delta.ncsa.illinois.edu:3506213] mca: base: components_open: opening ras components
[cn061.delta.ncsa.illinois.edu:3506213] mca: base: components_open: found loaded component simulator
[cn061.delta.ncsa.illinois.edu:3506213] mca: base: components_open: found loaded component slurm
[cn061.delta.ncsa.illinois.edu:3506213] mca: base: components_open: component slurm open function successful
[cn061.delta.ncsa.illinois.edu:3506213] mca:base:select: Auto-selecting ras components
[cn061.delta.ncsa.illinois.edu:3506213] mca:base:select:(  ras) Querying component [simulator]
[cn061.delta.ncsa.illinois.edu:3506213] mca:base:select:(  ras) Querying component [slurm]
[cn061.delta.ncsa.illinois.edu:3506213] mca:base:select:(  ras) Query of component [slurm] set priority to 50
[cn061.delta.ncsa.illinois.edu:3506213] mca:base:select:(  ras) Selected component [slurm]
[cn061.delta.ncsa.illinois.edu:3506213] mca: base: close: unloading component simulator

======================   ALLOCATED NODES   ======================
	cn061: flags=0x11 slots=128 max_slots=0 slots_inuse=0 state=UP
=================================================================
Charm++> Running on MPI library: Open MPI v4.1.6, package: Open MPI svcdeltaswmgt@dt-login04.delta.ncsa.illinois.edu Distribution, ident: 4.1.6, repo rev: v4.1.6, Sep 30, 2023 (MPI standard: 3.1)
Charm++> Level of thread support used: MPI_THREAD_SINGLE (desired: MPI_THREAD_SINGLE)
Charm++> Running in non-SMP mode: 128 processes (PEs)
Converse/Charm++ Commit ID: v7.1.0-devel-352-g6f56cfbda
Charm++ built without optimization.
Do not use for performance benchmarking (build with --with-production to do so).
Charm++ built with internal error checking enabled.
Do not use for performance benchmarking (build without --enable-error-checking to do so).
Charm++: Tracemode Projections enabled.
Trace: traceroot: ./streamtest-6294838
Isomalloc> Synchronized global address space.
CharmLB> Load balancer assumes all CPUs are same.
Charm++> Running on 1 hosts (2 sockets x 64 cores x 1 PUs = 128-way SMP)
Charm++> cpu topology info is gathered in 0.122 seconds.
CharmLB> Load balancing instrumentation for communication is off.
Run ID: 6294838, Num PEs: 128, each stage will have 256 chares. Total num records: 1000000, per prod: 3906
Readers all done!
Validators all done!
Filters all done!
Transformers all done!
Writers all done!
Total time spend from creation of readers: 6.013268
[Partition 0][Node 0] End of program
[cn061.delta.ncsa.illinois.edu:3506213] mca: base: close: component slurm closed
[cn061.delta.ncsa.illinois.edu:3506213] mca: base: close: unloading component slurm
